Microchip MPLAB XC8 Compiler V1.38 ()

Linker command line:

-W-3 --edf=D:\Program Files (x86)\Microchip\xc8\v1.38\dat\en_msgs.txt -cs \
  -h+dist/default/production\neoretro_speedo_16F1823.X.production.sym \
  --cmf=dist/default/production\neoretro_speedo_16F1823.X.production.cmf -z \
  -Q16F1823 -oC:\Users\nio10\AppData\Local\Temp\sng.2 \
  -Mdist/default/production/neoretro_speedo_16F1823.X.production.map -E1 \
  -ver=XC8 -ASTACK=02057h-0206fh -pstack=STACK -ACODE=00h-07FFh \
  -ASTRCODE=00h-07FFh -ASTRING=00h-0FFhx8 -ACONST=00h-0FFhx8 \
  -AENTRY=00h-0FFhx8 -ACOMMON=070h-07Fh -ABANK0=020h-06Fh -ABANK1=0A0h-0BFh \
  -ABIGRAM=02000h-0206Fh -ARAM=020h-06Fh,0A0h-0BFh \
  -AABS1=020h-07Fh,0A0h-0BFh -ASFR0=00h-01Fh -ASFR1=080h-09Fh \
  -ASFR2=0100h-016Fh -ASFR3=0180h-01EFh -ASFR4=0200h-026Fh \
  -ASFR5=0280h-02EFh -ASFR6=0300h-036Fh -ASFR7=0380h-03EFh \
  -ASFR8=0400h-046Fh -ASFR9=0480h-04EFh -ASFR10=0500h-056Fh \
  -ASFR11=0580h-05EFh -ASFR12=0600h-066Fh -ASFR13=0680h-06EFh \
  -ASFR14=0700h-076Fh -ASFR15=0780h-07EFh -ASFR16=0800h-086Fh \
  -ASFR17=0880h-08EFh -ASFR18=0900h-096Fh -ASFR19=0980h-09EFh \
  -ASFR20=0A00h-0A6Fh -ASFR21=0A80h-0AEFh -ASFR22=0B00h-0B6Fh \
  -ASFR23=0B80h-0BEFh -ASFR24=0C00h-0C6Fh -ASFR25=0C80h-0CEFh \
  -ASFR26=0D00h-0D6Fh -ASFR27=0D80h-0DEFh -ASFR28=0E00h-0E6Fh \
  -ASFR29=0E80h-0EEFh -ASFR30=0F00h-0F6Fh -ASFR31=0F80h-0FEFh \
  -preset_vec=00h,intentry=04h,init,end_init -ppowerup=CODE -pcinit=CODE \
  -pfunctab=CODE -ACONFIG=08007h-08008h -pconfig=CONFIG -DCONFIG=2 \
  -AIDLOC=08000h-08003h -pidloc=IDLOC -DIDLOC=2 -AEEDATA=00h-0FFh/0F000h \
  -peeprom_data=EEDATA -DEEDATA=2 -DCODE=2 -DSTRCODE=2 -DSTRING=2 -DCONST=2 \
  -DENTRY=2 -k C:\Users\nio10\AppData\Local\Temp\sng.obj \
  dist/default/production\neoretro_speedo_16F1823.X.production.obj 

Object code version is 3.11

Machine type is 16F1823



                Name                               Link     Load   Length Selector   Space Scale
C:\Users\nio10\AppData\Local\Temp\sng.obj
                end_init                             24       24        1        8       0
                reset_vec                             0        0        1        0       0
                config                             8007     8007        2    1000E       0
dist/default/production\neoretro_speedo_16F1823.X.production.obj
                cinit                                25       25       10        8       0
                intentry                              4        4       20        8       0
                text29                              5E3      5E3       1B      8EA       0
                text28                              574      574       1D      8EA       0
                text27                              4E6      4E6       28      8EA       0
                text26                              648      648        C      8EA       0
                text25                              3B7      3B7       73        8       0
                text24                              68B      68B        3      8EA       0
                text23                              68F      68F        1      8EA       0
                text22                              654      654        B      8EA       0
                text21                              628      628       14      8EA       0
                text19                              591      591       1C      8EA       0
                text18                              50E      50E       24      8EA       0
                text17                              683      683        5      8EA       0
                text16                              5C8      5C8       1B      8EA       0
                text15                              475      475       41      8EA       0
                text14                              553      553       21      8EA       0
                text13                               35       35      181        8       0
                text12                              532      532       21      8EA       0
                text11                              63C      63C        C      8EA       0
                text10                              5AD      5AD       1B      8EA       0
                text9                               668      668        8      8EA       0
                text8                               5FE      5FE       16      8EA       0
                text7                               67D      67D        6      8EA       0
                text6                               614      614       14      8EA       0
                text5                               688      688        3      8EA       0
                text4                               65F      65F        9      8EA       0
                text3                               670      670        7      8EA       0
                text2                               4B6      4B6       30      8EA       0
                text1                               2DD      2DD       DA        8       0
                maintext                            1B6      1B6      127        8       0
                cstackBANK0                          20       20       29       20       1
                cstackCOMMON                         75       75        5       70       1
                cstackBANK1                          A0       A0        7       A0       1
                clrtext                             677      677        6      8EA       0
                dataBANK0                            6C       6C        1       20       1
                bssBANK0                             49       49       23       20       1
                bssCOMMON                            70       70        5       70       1
                stringtext                          42A      42A       4B      854       0
                idataBANK0                          68E      68E        1      8EA       0

TOTAL           Name                               Link     Load   Length     Space
        CLASS   STACK          

        CLASS   CODE           
                end_init                             24       24        1         0
                cinit                                25       25       10         0
                intentry                              4        4       20         0
                reset_vec                             0        0        1         0
                text29                              5E3      5E3       1B         0
                text28                              574      574       1D         0
                text27                              4E6      4E6       28         0
                text26                              648      648        C         0
                text25                              3B7      3B7       73         0
                text24                              68B      68B        3         0
                text23                              68F      68F        1         0
                text22                              654      654        B         0
                text21                              628      628       14         0
                text19                              591      591       1C         0
                text18                              50E      50E       24         0
                text17                              683      683        5         0
                text16                              5C8      5C8       1B         0
                text15                              475      475       41         0
                text14                              553      553       21         0
                text13                               35       35      181         0
                text12                              532      532       21         0
                text11                              63C      63C        C         0
                text10                              5AD      5AD       1B         0
                text9                               668      668        8         0
                text8                               5FE      5FE       16         0
                text7                               67D      67D        6         0
                text6                               614      614       14         0
                text5                               688      688        3         0
                text4                               65F      65F        9         0
                text3                               670      670        7         0
                text2                               4B6      4B6       30         0
                text1                               2DD      2DD       DA         0
                maintext                            1B6      1B6      127         0
                clrtext                             677      677        6         0
                idataBANK0                          68E      68E        1         0

        CLASS   STRCODE        
                stringtext                          42A      42A       4B         0

        CLASS   STRING         

        CLASS   CONST          

        CLASS   ENTRY          

        CLASS   COMMON         
                cstackCOMMON                         75       75        5         1
                bssCOMMON                            70       70        5         1

        CLASS   BANK0          
                cstackBANK0                          20       20       29         1
                dataBANK0                            6C       6C        1         1
                bssBANK0                             49       49       23         1

        CLASS   BANK1          
                cstackBANK1                          A0       A0        7         1

        CLASS   BIGRAM         

        CLASS   RAM            

        CLASS   ABS1           
                abs_s1                               7E       7E        2         1

        CLASS   SFR0           

        CLASS   SFR1           

        CLASS   SFR2           

        CLASS   SFR3           

        CLASS   SFR4           

        CLASS   SFR5           

        CLASS   SFR6           

        CLASS   SFR7           

        CLASS   SFR8           

        CLASS   SFR9           

        CLASS   SFR10          

        CLASS   SFR11          

        CLASS   SFR12          

        CLASS   SFR13          

        CLASS   SFR14          

        CLASS   SFR15          

        CLASS   SFR16          

        CLASS   SFR17          

        CLASS   SFR18          

        CLASS   SFR19          

        CLASS   SFR20          

        CLASS   SFR21          

        CLASS   SFR22          

        CLASS   SFR23          

        CLASS   SFR24          

        CLASS   SFR25          

        CLASS   SFR26          

        CLASS   SFR27          

        CLASS   SFR28          

        CLASS   SFR29          

        CLASS   SFR30          

        CLASS   SFR31          

        CLASS   CONFIG         
                config                             8007     8007        2         0

        CLASS   IDLOC          

        CLASS   EEDATA         

        CLASS   BANK31         

        CLASS   BANK30         

        CLASS   BANK29         

        CLASS   BANK28         

        CLASS   BANK27         

        CLASS   BANK26         

        CLASS   BANK25         

        CLASS   BANK24         

        CLASS   BANK23         

        CLASS   BANK22         

        CLASS   BANK21         

        CLASS   BANK20         

        CLASS   BANK19         

        CLASS   BANK18         

        CLASS   BANK17         

        CLASS   BANK16         

        CLASS   BANK15         

        CLASS   BANK14         

        CLASS   BANK13         

        CLASS   BANK12         

        CLASS   BANK11         

        CLASS   BANK10         

        CLASS   BANK9          

        CLASS   BANK8          

        CLASS   BANK7          

        CLASS   BANK6          

        CLASS   BANK5          

        CLASS   BANK4          

        CLASS   BANK3          

        CLASS   BANK2          



SEGMENTS        Name                           Load    Length   Top    Selector   Space  Class     Delta

                reset_vec                      000000  000001  000001         0       0  CODE        2
                intentry                       000004  000426  00042A         8       0  CODE        2
                cstackBANK0                    000020  00004D  00006D        20       1  BANK0       1
                bssCOMMON                      000070  00000A  00007A        70       1  COMMON      1
                cstackBANK1                    0000A0  000007  0000A7        A0       1  BANK1       1
                stringtext                     00042A  00004B  000475       854       0  STRCODE     2
                text15                         000475  00021B  000690       8EA       0  CODE        2
                config                         008007  000002  008009     1000E       0  CONFIG      2


UNUSED ADDRESS RANGES

        Name                Unused          Largest block    Delta
        BANK0            0006D-0006F               3           1
        BANK1            000A7-000BF              19           1
        BIGRAM           02000-0206F              70           1
        CODE             00001-00003               3           2
                         00690-007FF             170
        COMMON           0007A-0007D               4           1
        CONST            00001-00003               3           2
                         00690-007FF              70
        EEDATA           0F000-0F0FF             100           2
        ENTRY            00001-00003               3           2
                         00690-007FF              70
        IDLOC            08000-08003               4           2
        RAM              0006D-0006F               3           1
                         000A7-000BF              19
        SFR0             00000-0001F              20           1
        SFR1             00080-0009F              20           1
        SFR10            00500-0056F              70           1
        SFR11            00580-005EF              70           1
        SFR12            00600-0066F              70           1
        SFR13            00680-006EF              70           1
        SFR14            00700-0076F              70           1
        SFR15            00780-007EF              70           1
        SFR16            00800-0086F              70           1
        SFR17            00880-008EF              70           1
        SFR18            00900-0096F              70           1
        SFR19            00980-009EF              70           1
        SFR2             00100-0016F              70           1
        SFR20            00A00-00A6F              70           1
        SFR21            00A80-00AEF              70           1
        SFR22            00B00-00B6F              70           1
        SFR23            00B80-00BEF              70           1
        SFR24            00C00-00C6F              70           1
        SFR25            00C80-00CEF              70           1
        SFR26            00D00-00D6F              70           1
        SFR27            00D80-00DEF              70           1
        SFR28            00E00-00E6F              70           1
        SFR29            00E80-00EEF              70           1
        SFR3             00180-001EF              70           1
        SFR30            00F00-00F6F              70           1
        SFR31            00F80-00FEF              70           1
        SFR4             00200-0026F              70           1
        SFR5             00280-002EF              70           1
        SFR6             00300-0036F              70           1
        SFR7             00380-003EF              70           1
        SFR8             00400-0046F              70           1
        SFR9             00480-004EF              70           1
        STACK            02057-0206F              19           1
        STRCODE          00001-00003               3           2
                         00690-007FF             170
        STRING           00001-00003               3           2
                         00690-007FF              70

                                  Symbol Table

?___lmul                                  cstackBANK0  00020
?_multiply_fp                             cstackBANK0  0002C
?_printf                                  cstackBANK0  00023
EPWM_LoadDutyValue@dutyValue              cstackBANK0  00020
EUSART_Read@readValue                     cstackBANK0  00021
EUSART_Write@txData                       cstackBANK0  00021
GPS_Initialize@tmp                        cstackBANK0  0002D
GPS_read_speed@buffer                     cstackBANK0  00025
GPS_read_speed@checksum                   cstackBANK0  00024
GPS_read_speed@i_buff                     cstackBANK0  0002B
GPS_read_speed@m_char                     cstackBANK0  0002C
GPS_read_speed@no_more_checksum           cstackBANK0  00023
LED_set_state@new_state                   cstackBANK0  00021
TMR0_ISR@CountCallBack                    bssBANK0     0005C
TMR0_SetInterruptHandler@InterruptHandler cstackBANK0  00020
_ANSELA                                   (abs)        0018C
_ANSELC                                   (abs)        0018E
_APFCON                                   (abs)        0011D
_BAUDCON                                  (abs)        0019F
_CCP1CON                                  (abs)        00293
_CCPR1H                                   (abs)        00292
_CCPR1L                                   (abs)        00291
_ECCP1AS                                  (abs)        00295
_EEADRH                                   (abs)        00192
_EEADRL                                   (abs)        00191
_EECON1bits                               (abs)        00195
_EECON2                                   (abs)        00196
_EEDATH                                   (abs)        00194
_EEDATL                                   (abs)        00193
_EPWM_Initialize                          text11       0063C
_EPWM_LoadDutyValue                       text19       00591
_EUSART_Initialize                        text10       005AD
_EUSART_Read                              text14       00553
_EUSART_Receive_ISR                       text29       005E3
_EUSART_Transmit_ISR                      text28       00574
_EUSART_Write                             text18       0050E
_GPS_Initialize                           text15       00475
_GPS_read_speed                           text13       00035
_INTCONbits                               (abs)        0000B
_INTERRUPT_InterruptManager               intentry     00004
_LATA                                     (abs)        0010C
_LATA5                                    (abs)        00865
_LATC                                     (abs)        0010E
_LED_counter                              bssBANK0     00060
_LED_set_state                            text12       00532
_LED_state                                dataBANK0    0006C
_LED_update_loop                          text27       004E6
_OPTION_REG                               (abs)        00095
_OPTION_REGbits                           (abs)        00095
_OSCCON                                   (abs)        00099
_OSCILLATOR_Initialize                    text9        00668
_OSCSTAT                                  (abs)        0009A
_OSCTUNE                                  (abs)        00098
_PIE1bits                                 (abs)        00091
_PIN_MANAGER_Initialize                   text8        005FE
_PIR1bits                                 (abs)        00011
_PLLR                                     (abs)        004D6
_PORTAbits                                (abs)        0000C
_PR2                                      (abs)        0001B
_PSTR1CON                                 (abs)        00296
_PWM1CON                                  (abs)        00294
_RCREG                                    (abs)        00199
_RCSTA                                    (abs)        0019D
_RCSTAbits                                (abs)        0019D
_SPBRGH                                   (abs)        0019C
_SPBRGL                                   (abs)        0019B
_SYSTEM_Initialize                        text3        00670
_T2CON                                    (abs)        0001C
_T2CONbits                                (abs)        0001C
_TMR0                                     (abs)        00015
_TMR0_CallBack                            text22       00654
_TMR0_DefaultInterruptHandler             text23       0068F
_TMR0_ISR                                 text21       00628
_TMR0_Initialize                          text6        00614
_TMR0_InterruptHandler                    bssBANK0     0005E
_TMR0_SetInterruptHandler                 text7        0067D
_TMR2                                     (abs)        0001A
_TMR2_Initialize                          text4        0065F
_TMR2_StartTimer                          text5        00688
_TRISA                                    (abs)        0008C
_TRISC                                    (abs)        0008E
_TXREG                                    (abs)        0019A
_TXSTA                                    (abs)        0019E
_WPUA                                     (abs)        0020C
_WPUC                                     (abs)        0020E
__CFG_BOREN$ON                            (abs)        00000
__CFG_BORV$LO                             (abs)        00000
__CFG_CLKOUTEN$OFF                        (abs)        00000
__CFG_CP$OFF                              (abs)        00000
__CFG_CPD$OFF                             (abs)        00000
__CFG_FCMEN$ON                            (abs)        00000
__CFG_FOSC$INTOSC                         (abs)        00000
__CFG_IESO$ON                             (abs)        00000
__CFG_LVP$OFF                             (abs)        00000
__CFG_MCLRE$ON                            (abs)        00000
__CFG_PLLEN$ON                            (abs)        00000
__CFG_PWRTE$OFF                           (abs)        00000
__CFG_STVREN$ON                           (abs)        00000
__CFG_WDTE$OFF                            (abs)        00000
__CFG_WRT$OFF                             (abs)        00000
__Habs1                                   abs1         00000
__Hbank0                                  bank0        00000
__Hbank1                                  bank1        00000
__Hbank10                                 bank10       00000
__Hbank11                                 bank11       00000
__Hbank12                                 bank12       00000
__Hbank13                                 bank13       00000
__Hbank14                                 bank14       00000
__Hbank15                                 bank15       00000
__Hbank16                                 bank16       00000
__Hbank17                                 bank17       00000
__Hbank18                                 bank18       00000
__Hbank19                                 bank19       00000
__Hbank2                                  bank2        00000
__Hbank20                                 bank20       00000
__Hbank21                                 bank21       00000
__Hbank22                                 bank22       00000
__Hbank23                                 bank23       00000
__Hbank24                                 bank24       00000
__Hbank25                                 bank25       00000
__Hbank26                                 bank26       00000
__Hbank27                                 bank27       00000
__Hbank28                                 bank28       00000
__Hbank29                                 bank29       00000
__Hbank3                                  bank3        00000
__Hbank30                                 bank30       00000
__Hbank31                                 bank31       00000
__Hbank4                                  bank4        00000
__Hbank5                                  bank5        00000
__Hbank6                                  bank6        00000
__Hbank7                                  bank7        00000
__Hbank8                                  bank8        00000
__Hbank9                                  bank9        00000
__Hbigram                                 bigram       00000
__HbssBANK0                               bssBANK0     00000
__HbssCOMMON                              bssCOMMON    00000
__Hcinit                                  cinit        00035
__Hclrtext                                clrtext      00000
__Hcode                                   code         00000
__Hcommon                                 common       00000
__Hconfig                                 config       08009
__HcstackBANK0                            cstackBANK0  00000
__HcstackBANK1                            cstackBANK1  00000
__HcstackCOMMON                           cstackCOMMON 00000
__HdataBANK0                              dataBANK0    00000
__Heeprom_data                            eeprom_data  00000
__Hend_init                               end_init     00025
__Hfunctab                                functab      00000
__HidataBANK0                             idataBANK0   00000
__Hidloc                                  idloc        00000
__Hinit                                   init         00024
__Hintentry                               intentry     00024
__Hmaintext                               maintext     00000
__Hpowerup                                powerup      00000
__Hram                                    ram          00000
__Hreset_vec                              reset_vec    00001
__Hsfr0                                   sfr0         00000
__Hsfr1                                   sfr1         00000
__Hsfr10                                  sfr10        00000
__Hsfr11                                  sfr11        00000
__Hsfr12                                  sfr12        00000
__Hsfr13                                  sfr13        00000
__Hsfr14                                  sfr14        00000
__Hsfr15                                  sfr15        00000
__Hsfr16                                  sfr16        00000
__Hsfr17                                  sfr17        00000
__Hsfr18                                  sfr18        00000
__Hsfr19                                  sfr19        00000
__Hsfr2                                   sfr2         00000
__Hsfr20                                  sfr20        00000
__Hsfr21                                  sfr21        00000
__Hsfr22                                  sfr22        00000
__Hsfr23                                  sfr23        00000
__Hsfr24                                  sfr24        00000
__Hsfr25                                  sfr25        00000
__Hsfr26                                  sfr26        00000
__Hsfr27                                  sfr27        00000
__Hsfr28                                  sfr28        00000
__Hsfr29                                  sfr29        00000
__Hsfr3                                   sfr3         00000
__Hsfr30                                  sfr30        00000
__Hsfr31                                  sfr31        00000
__Hsfr4                                   sfr4         00000
__Hsfr5                                   sfr5         00000
__Hsfr6                                   sfr6         00000
__Hsfr7                                   sfr7         00000
__Hsfr8                                   sfr8         00000
__Hsfr9                                   sfr9         00000
__Hspace_0                                (abs)        08009
__Hspace_1                                (abs)        000A7
__Hspace_2                                (abs)        00000
__Hspace_3                                (abs)        00000
__Hstack                                  stack        00000
__Hstrings                                strings      00000
__Hstringtext                             stringtext   00000
__Htext                                   text         00000
__Labs1                                   abs1         00000
__Lbank0                                  bank0        00000
__Lbank1                                  bank1        00000
__Lbank10                                 bank10       00000
__Lbank11                                 bank11       00000
__Lbank12                                 bank12       00000
__Lbank13                                 bank13       00000
__Lbank14                                 bank14       00000
__Lbank15                                 bank15       00000
__Lbank16                                 bank16       00000
__Lbank17                                 bank17       00000
__Lbank18                                 bank18       00000
__Lbank19                                 bank19       00000
__Lbank2                                  bank2        00000
__Lbank20                                 bank20       00000
__Lbank21                                 bank21       00000
__Lbank22                                 bank22       00000
__Lbank23                                 bank23       00000
__Lbank24                                 bank24       00000
__Lbank25                                 bank25       00000
__Lbank26                                 bank26       00000
__Lbank27                                 bank27       00000
__Lbank28                                 bank28       00000
__Lbank29                                 bank29       00000
__Lbank3                                  bank3        00000
__Lbank30                                 bank30       00000
__Lbank31                                 bank31       00000
__Lbank4                                  bank4        00000
__Lbank5                                  bank5        00000
__Lbank6                                  bank6        00000
__Lbank7                                  bank7        00000
__Lbank8                                  bank8        00000
__Lbank9                                  bank9        00000
__Lbigram                                 bigram       00000
__LbssBANK0                               bssBANK0     00000
__LbssCOMMON                              bssCOMMON    00000
__Lcinit                                  cinit        00025
__Lclrtext                                clrtext      00000
__Lcode                                   code         00000
__Lcommon                                 common       00000
__Lconfig                                 config       08007
__LcstackBANK0                            cstackBANK0  00000
__LcstackBANK1                            cstackBANK1  00000
__LcstackCOMMON                           cstackCOMMON 00000
__LdataBANK0                              dataBANK0    00000
__Leeprom_data                            eeprom_data  00000
__Lend_init                               end_init     00024
__Lfunctab                                functab      00000
__LidataBANK0                             idataBANK0   00000
__Lidloc                                  idloc        00000
__Linit                                   init         00024
__Lintentry                               intentry     00004
__Lmaintext                               maintext     00000
__Lpowerup                                powerup      00000
__Lram                                    ram          00000
__Lreset_vec                              reset_vec    00000
__Lsfr0                                   sfr0         00000
__Lsfr1                                   sfr1         00000
__Lsfr10                                  sfr10        00000
__Lsfr11                                  sfr11        00000
__Lsfr12                                  sfr12        00000
__Lsfr13                                  sfr13        00000
__Lsfr14                                  sfr14        00000
__Lsfr15                                  sfr15        00000
__Lsfr16                                  sfr16        00000
__Lsfr17                                  sfr17        00000
__Lsfr18                                  sfr18        00000
__Lsfr19                                  sfr19        00000
__Lsfr2                                   sfr2         00000
__Lsfr20                                  sfr20        00000
__Lsfr21                                  sfr21        00000
__Lsfr22                                  sfr22        00000
__Lsfr23                                  sfr23        00000
__Lsfr24                                  sfr24        00000
__Lsfr25                                  sfr25        00000
__Lsfr26                                  sfr26        00000
__Lsfr27                                  sfr27        00000
__Lsfr28                                  sfr28        00000
__Lsfr29                                  sfr29        00000
__Lsfr3                                   sfr3         00000
__Lsfr30                                  sfr30        00000
__Lsfr31                                  sfr31        00000
__Lsfr4                                   sfr4         00000
__Lsfr5                                   sfr5         00000
__Lsfr6                                   sfr6         00000
__Lsfr7                                   sfr7         00000
__Lsfr8                                   sfr8         00000
__Lsfr9                                   sfr9         00000
__Lspace_0                                (abs)        00000
__Lspace_1                                (abs)        00000
__Lspace_2                                (abs)        00000
__Lspace_3                                (abs)        00000
__Lstack                                  stack        00000
__Lstrings                                strings      00000
__Lstringtext                             stringtext   00000
__Ltext                                   text         00000
__S0                                      (abs)        08009
__S1                                      (abs)        000A7
__S2                                      (abs)        00000
__S3                                      (abs)        00000
___int_sp                                 stack        00000
___latbits                                (abs)        00000
___lmul                                   text2        004B6
___lmul@multiplicand                      cstackBANK0  00024
___lmul@multiplier                        cstackBANK0  00020
___lmul@product                           cstackBANK0  00028
___sp                                     stack        00000
__end_of_EPWM_Initialize                  text11       00648
__end_of_EPWM_LoadDutyValue               text19       005AD
__end_of_EUSART_Initialize                text10       005C8
__end_of_EUSART_Read                      text14       00574
__end_of_EUSART_Receive_ISR               text29       005FE
__end_of_EUSART_Transmit_ISR              text28       00591
__end_of_EUSART_Write                     text18       00532
__end_of_GPS_Initialize                   text15       004B6
__end_of_GPS_read_speed                   text13       001B6
__end_of_INTERRUPT_InterruptManager       intentry     00024
__end_of_LED_set_state                    text12       00553
__end_of_LED_update_loop                  text27       0050E
__end_of_OSCILLATOR_Initialize            text9        00670
__end_of_PIN_MANAGER_Initialize           text8        00614
__end_of_SYSTEM_Initialize                text3        00677
__end_of_TMR0_CallBack                    text22       0065F
__end_of_TMR0_DefaultInterruptHandler     text23       00690
__end_of_TMR0_ISR                         text21       0063C
__end_of_TMR0_Initialize                  text6        00628
__end_of_TMR0_SetInterruptHandler         text7        00683
__end_of_TMR2_Initialize                  text4        00668
__end_of_TMR2_StartTimer                  text5        0068B
__end_of___lmul                           text2        004E6
__end_of__initialization                  cinit        00032
__end_of_button_update_loop               text25       0042A
__end_of_get_button_state                 text26       00654
__end_of_main                             maintext     002DD
__end_of_multiply_fp                      text1        003B7
__end_of_my10msTimerISR                   text24       0068E
__end_of_printf                           text16       005E3
__end_of_putch                            text17       00688
__end_of_ratio_mph                        stringtext   0042D
__end_ofconvert_to_fp@one                 stringtext   0042F
__initialization                          cinit        00025
__pbssBANK0                               bssBANK0     00049
__pbssCOMMON                              bssCOMMON    00070
__pcstackBANK0                            cstackBANK0  00020
__pcstackBANK1                            cstackBANK1  000A0
__pcstackCOMMON                           cstackCOMMON 00075
__pdataBANK0                              dataBANK0    0006C
__pidataBANK0                             idataBANK0   0068E
__pintentry                               intentry     00004
__pmaintext                               maintext     001B6
__pstringtext                             stringtext   0042A
__ptext1                                  text1        002DD
__ptext10                                 text10       005AD
__ptext11                                 text11       0063C
__ptext12                                 text12       00532
__ptext13                                 text13       00035
__ptext14                                 text14       00553
__ptext15                                 text15       00475
__ptext16                                 text16       005C8
__ptext17                                 text17       00683
__ptext18                                 text18       0050E
__ptext19                                 text19       00591
__ptext2                                  text2        004B6
__ptext21                                 text21       00628
__ptext22                                 text22       00654
__ptext23                                 text23       0068F
__ptext24                                 text24       0068B
__ptext25                                 text25       003B7
__ptext26                                 text26       00648
__ptext27                                 text27       004E6
__ptext28                                 text28       00574
__ptext29                                 text29       005E3
__ptext3                                  text3        00670
__ptext4                                  text4        0065F
__ptext5                                  text5        00688
__ptext6                                  text6        00614
__ptext7                                  text7        0067D
__ptext8                                  text8        005FE
__ptext9                                  text9        00668
__size_of_EPWM_Initialize                 (abs)        00000
__size_of_EPWM_LoadDutyValue              (abs)        00000
__size_of_EUSART_Initialize               (abs)        00000
__size_of_EUSART_Read                     (abs)        00000
__size_of_EUSART_Receive_ISR              (abs)        00000
__size_of_EUSART_Transmit_ISR             (abs)        00000
__size_of_EUSART_Write                    (abs)        00000
__size_of_GPS_Initialize                  (abs)        00000
__size_of_GPS_read_speed                  (abs)        00000
__size_of_INTERRUPT_InterruptManager      (abs)        00000
__size_of_LED_set_state                   (abs)        00000
__size_of_LED_update_loop                 (abs)        00000
__size_of_OSCILLATOR_Initialize           (abs)        00000
__size_of_PIN_MANAGER_Initialize          (abs)        00000
__size_of_SYSTEM_Initialize               (abs)        00000
__size_of_TMR0_CallBack                   (abs)        00000
__size_of_TMR0_DefaultInterruptHandler    (abs)        00000
__size_of_TMR0_ISR                        (abs)        00000
__size_of_TMR0_Initialize                 (abs)        00000
__size_of_TMR0_SetInterruptHandler        (abs)        00000
__size_of_TMR2_Initialize                 (abs)        00000
__size_of_TMR2_StartTimer                 (abs)        00000
__size_of___lmul                          (abs)        00000
__size_of_button_update_loop              (abs)        00000
__size_of_get_button_state                (abs)        00000
__size_of_main                            (abs)        00000
__size_of_multiply_fp                     (abs)        00000
__size_of_my10msTimerISR                  (abs)        00000
__size_of_printf                          (abs)        00000
__size_of_putch                           (abs)        00000
_b_confirmed_state                        bssBANK0     00061
_b_count_pressed                          bssCOMMON    00072
_b_count_released                         bssBANK0     00062
_b_has_once_been_released                 bssBANK0     00063
_b_last_state                             bssCOMMON    00070
_b_push_confirmed                         bssBANK0     00064
_b_release_confirmed                      bssBANK0     00065
_button_update_loop                       text25       003B7
_eusartRxBuffer                           bssBANK0     00049
_eusartRxCount                            bssCOMMON    00073
_eusartRxHead                             bssBANK0     00066
_eusartRxTail                             bssBANK0     00067
_eusartTxBuffer                           bssBANK0     00051
_eusartTxBufferRemaining                  bssCOMMON    00074
_eusartTxHead                             bssBANK0     00068
_eusartTxTail                             bssBANK0     00069
_get_button_state                         text26       00648
_main                                     maintext     001B6
_multiply_fp                              text1        002DD
_my10msTimerISR                           text24       0068B
_printf                                   text16       005C8
_putch                                    text17       00683
_ratio_mph                                stringtext   0042A
_speed                                    bssBANK0     00059
_speed_units                              bssBANK0     0006A
_timer0ReloadVal                          bssBANK0     0006B
btemp                                     (abs)        0007E
button_update_loop@current_state          cstackCOMMON 00078
clear_ram0                                clrtext      00677
convert_to_fp@one                         stringtext   0042D
end_of_initialization                     cinit        00032
get_button_state@state                    cstackCOMMON 00075
int$flags                                 (abs)        0007E
intlevel0                                 functab      00000
intlevel1                                 functab      00000
intlevel2                                 functab      00000
intlevel3                                 functab      00000
intlevel4                                 functab      00000
intlevel5                                 functab      00000
ltemp                                     (abs)        0007E
ltemp0                                    (abs)        0007E
ltemp1                                    (abs)        00082
ltemp2                                    (abs)        00086
ltemp3                                    (abs)        00080
main@motor_load                           cstackBANK1  000A5
main@tmp                                  cstackBANK1  000A1
main@tmp_590                              cstackBANK1  000A2
main@tmp_592                              cstackBANK1  000A3
main@tmp_593                              cstackBANK1  000A4
main@up                                   cstackBANK1  000A0
multiply_fp@n1                            cstackBANK0  0002C
multiply_fp@n1_fra                        cstackBANK0  00040
multiply_fp@n2                            cstackBANK0  0002F
multiply_fp@n2_fra                        cstackBANK0  00043
multiply_fp@res                           cstackBANK0  0003C
printf@ap                                 cstackBANK0  00028
printf@c                                  cstackBANK0  00029
printf@f                                  cstackBANK0  00023
putch@txData                              cstackBANK0  00022
reset_vec                                 reset_vec    00000
stackhi                                   (abs)        0206F
stacklo                                   (abs)        02057
start                                     init         00024
start_initialization                      cinit        00025
ttemp                                     (abs)        0007E
ttemp0                                    (abs)        0007E
ttemp1                                    (abs)        00081
ttemp2                                    (abs)        00084
ttemp3                                    (abs)        00087
ttemp4                                    (abs)        0007F
wtemp                                     (abs)        0007E
wtemp0                                    (abs)        0007E
wtemp1                                    (abs)        00080
wtemp2                                    (abs)        00082
wtemp3                                    (abs)        00084
wtemp4                                    (abs)        00086
wtemp5                                    (abs)        00088
wtemp6                                    (abs)        0007F


FUNCTION INFORMATION:

 *************** function _main *****************
 Defined at:
		line 271 in file "main.c"
 Parameters:    Size  Location     Type
		None
 Auto vars:     Size  Location     Type
  tmp             1    4[BANK1 ] unsigned char 
  tmp             1    3[BANK1 ] unsigned char 
  tmp             1    2[BANK1 ] unsigned char 
  tmp             1    1[BANK1 ] unsigned char 
  motor_load      2    5[BANK1 ] unsigned int 
  up              1    0[BANK1 ] unsigned char 
 Return value:  Size  Location     Type
                  1    wreg      void 
 Registers used:
		wreg, fsr0l, fsr0h, fsr1l, fsr1h, status,2, status,0, pclath, cstack
 Tracked objects:
		On entry : 
		On exit  : 
		Unchanged: 
 Data sizes:     COMMON   BANK0   BANK1
      Params:         0       0       0
      Locals:         0       0       7
      Temps:          0       3       0
      Totals:         0       3       7
Total ram usage:       10 bytes
 Hardware stack levels required when called:   10
 This function calls:
		_EPWM_LoadDutyValue
		_GPS_Initialize
		_GPS_read_speed
		_LED_set_state
		_SYSTEM_Initialize
		_TMR0_SetInterruptHandler
		_TMR2_StartTimer
		_multiply_fp
 This function is called by:
		Startup code after reset
 This function uses a non-reentrant model


 *************** function _multiply_fp *****************
 Defined at:
		line 38 in file "fixed_point.c"
 Parameters:    Size  Location     Type
  n1              3   12[BANK0 ] unsigned um
  n2              3   15[BANK0 ] unsigned um
 Auto vars:     Size  Location     Type
  res             4   28[BANK0 ] unsigned long 
  n2_fra          3   35[BANK0 ] unsigned um
  n1_fra          3   32[BANK0 ] unsigned um
 Return value:  Size  Location     Type
                  3   12[BANK0 ] unsigned um
 Registers used:
		wreg, status,2, status,0, pclath, cstack
 Tracked objects:
		On entry : 
		On exit  : 
		Unchanged: 
 Data sizes:     COMMON   BANK0   BANK1
      Params:         0       6       0
      Locals:         0      10       0
      Temps:          0      10       0
      Totals:         0      26       0
Total ram usage:       26 bytes
 Hardware stack levels used:    1
 Hardware stack levels required when called:    7
 This function calls:
		___lmul
 This function is called by:
		_main
 This function uses a non-reentrant model


 *************** function ___lmul *****************
 Defined at:
		line 15 in file "D:\Program Files (x86)\Microchip\xc8\v1.38\sources\common\Umul32.c"
 Parameters:    Size  Location     Type
  multiplier      4    0[BANK0 ] unsigned long 
  multiplicand    4    4[BANK0 ] unsigned long 
 Auto vars:     Size  Location     Type
  product         4    8[BANK0 ] unsigned long 
 Return value:  Size  Location     Type
                  4    0[BANK0 ] unsigned long 
 Registers used:
		wreg, status,2, status,0
 Tracked objects:
		On entry : 
		On exit  : 
		Unchanged: 
 Data sizes:     COMMON   BANK0   BANK1
      Params:         0       8       0
      Locals:         0       4       0
      Temps:          0       0       0
      Totals:         0      12       0
Total ram usage:       12 bytes
 Hardware stack levels used:    1
 Hardware stack levels required when called:    6
 This function calls:
		Nothing
 This function is called by:
		_multiply_fp
 This function uses a non-reentrant model


 *************** function _SYSTEM_Initialize *****************
 Defined at:
		line 69 in file "mcc_generated_files/mcc.c"
 Parameters:    Size  Location     Type
		None
 Auto vars:     Size  Location     Type
		None
 Return value:  Size  Location     Type
                  1    wreg      void 
 Registers used:
		wreg, status,2, status,0, pclath, cstack
 Tracked objects:
		On entry : 
		On exit  : 
		Unchanged: 
 Data sizes:     COMMON   BANK0   BANK1
      Params:         0       0       0
      Locals:         0       0       0
      Temps:          0       0       0
      Totals:         0       0       0
Total ram usage:        0 bytes
 Hardware stack levels used:    1
 Hardware stack levels required when called:    8
 This function calls:
		_EPWM_Initialize
		_EUSART_Initialize
		_OSCILLATOR_Initialize
		_PIN_MANAGER_Initialize
		_TMR0_Initialize
		_TMR2_Initialize
 This function is called by:
		_main
 This function uses a non-reentrant model


 *************** function _TMR2_Initialize *****************
 Defined at:
		line 57 in file "mcc_generated_files/tmr2.c"
 Parameters:    Size  Location     Type
		None
 Auto vars:     Size  Location     Type
		None
 Return value:  Size  Location     Type
                  1    wreg      void 
 Registers used:
		wreg, status,2, status,0, pclath, cstack
 Tracked objects:
		On entry : 
		On exit  : 
		Unchanged: 
 Data sizes:     COMMON   BANK0   BANK1
      Params:         0       0       0
      Locals:         0       0       0
      Temps:          0       0       0
      Totals:         0       0       0
Total ram usage:        0 bytes
 Hardware stack levels used:    1
 Hardware stack levels required when called:    7
 This function calls:
		_TMR2_StartTimer
 This function is called by:
		_SYSTEM_Initialize
 This function uses a non-reentrant model


 *************** function _TMR2_StartTimer *****************
 Defined at:
		line 77 in file "mcc_generated_files/tmr2.c"
 Parameters:    Size  Location     Type
		None
 Auto vars:     Size  Location     Type
		None
 Return value:  Size  Location     Type
                  1    wreg      void 
 Registers used:
		None
 Tracked objects:
		On entry : 
		On exit  : 
		Unchanged: 
 Data sizes:     COMMON   BANK0   BANK1
      Params:         0       0       0
      Locals:         0       0       0
      Temps:          0       0       0
      Totals:         0       0       0
Total ram usage:        0 bytes
 Hardware stack levels used:    1
 Hardware stack levels required when called:    6
 This function calls:
		Nothing
 This function is called by:
		_TMR2_Initialize
		_main
 This function uses a non-reentrant model


 *************** function _TMR0_Initialize *****************
 Defined at:
		line 63 in file "mcc_generated_files/tmr0.c"
 Parameters:    Size  Location     Type
		None
 Auto vars:     Size  Location     Type
		None
 Return value:  Size  Location     Type
                  1    wreg      void 
 Registers used:
		wreg, status,2, status,0, pclath, cstack
 Tracked objects:
		On entry : 
		On exit  : 
		Unchanged: 
 Data sizes:     COMMON   BANK0   BANK1
      Params:         0       0       0
      Locals:         0       0       0
      Temps:          0       1       0
      Totals:         0       1       0
Total ram usage:        1 bytes
 Hardware stack levels used:    1
 Hardware stack levels required when called:    7
 This function calls:
		_TMR0_SetInterruptHandler
 This function is called by:
		_SYSTEM_Initialize
 This function uses a non-reentrant model


 *************** function _TMR0_SetInterruptHandler *****************
 Defined at:
		line 140 in file "mcc_generated_files/tmr0.c"
 Parameters:    Size  Location     Type
  InterruptHan    2    0[BANK0 ] PTR void 
		 -> my10msTimerISR(1), TMR0_DefaultInterruptHandler(1), 
 Auto vars:     Size  Location     Type
		None
 Return value:  Size  Location     Type
                  1    wreg      void 
 Registers used:
		wreg
 Tracked objects:
		On entry : 
		On exit  : 
		Unchanged: 
 Data sizes:     COMMON   BANK0   BANK1
      Params:         0       2       0
      Locals:         0       0       0
      Temps:          0       0       0
      Totals:         0       2       0
Total ram usage:        2 bytes
 Hardware stack levels used:    1
 Hardware stack levels required when called:    6
 This function calls:
		Nothing
 This function is called by:
		_TMR0_Initialize
		_main
 This function uses a non-reentrant model


 *************** function _PIN_MANAGER_Initialize *****************
 Defined at:
		line 49 in file "mcc_generated_files/pin_manager.c"
 Parameters:    Size  Location     Type
		None
 Auto vars:     Size  Location     Type
		None
 Return value:  Size  Location     Type
                  1    wreg      void 
 Registers used:
		wreg, status,2
 Tracked objects:
		On entry : 
		On exit  : 
		Unchanged: 
 Data sizes:     COMMON   BANK0   BANK1
      Params:         0       0       0
      Locals:         0       0       0
      Temps:          0       0       0
      Totals:         0       0       0
Total ram usage:        0 bytes
 Hardware stack levels used:    1
 Hardware stack levels required when called:    6
 This function calls:
		Nothing
 This function is called by:
		_SYSTEM_Initialize
 This function uses a non-reentrant model


 *************** function _OSCILLATOR_Initialize *****************
 Defined at:
		line 80 in file "mcc_generated_files/mcc.c"
 Parameters:    Size  Location     Type
		None
 Auto vars:     Size  Location     Type
		None
 Return value:  Size  Location     Type
                  1    wreg      void 
 Registers used:
		wreg, status,2
 Tracked objects:
		On entry : 
		On exit  : 
		Unchanged: 
 Data sizes:     COMMON   BANK0   BANK1
      Params:         0       0       0
      Locals:         0       0       0
      Temps:          0       0       0
      Totals:         0       0       0
Total ram usage:        0 bytes
 Hardware stack levels used:    1
 Hardware stack levels required when called:    6
 This function calls:
		Nothing
 This function is called by:
		_SYSTEM_Initialize
 This function uses a non-reentrant model


 *************** function _EUSART_Initialize *****************
 Defined at:
		line 75 in file "mcc_generated_files/eusart.c"
 Parameters:    Size  Location     Type
		None
 Auto vars:     Size  Location     Type
		None
 Return value:  Size  Location     Type
                  1    wreg      void 
 Registers used:
		wreg, status,2
 Tracked objects:
		On entry : 
		On exit  : 
		Unchanged: 
 Data sizes:     COMMON   BANK0   BANK1
      Params:         0       0       0
      Locals:         0       0       0
      Temps:          0       1       0
      Totals:         0       1       0
Total ram usage:        1 bytes
 Hardware stack levels used:    1
 Hardware stack levels required when called:    6
 This function calls:
		Nothing
 This function is called by:
		_SYSTEM_Initialize
 This function uses a non-reentrant model


 *************** function _EPWM_Initialize *****************
 Defined at:
		line 63 in file "mcc_generated_files/epwm.c"
 Parameters:    Size  Location     Type
		None
 Auto vars:     Size  Location     Type
		None
 Return value:  Size  Location     Type
                  1    wreg      void 
 Registers used:
		wreg, status,2
 Tracked objects:
		On entry : 
		On exit  : 
		Unchanged: 
 Data sizes:     COMMON   BANK0   BANK1
      Params:         0       0       0
      Locals:         0       0       0
      Temps:          0       0       0
      Totals:         0       0       0
Total ram usage:        0 bytes
 Hardware stack levels used:    1
 Hardware stack levels required when called:    6
 This function calls:
		Nothing
 This function is called by:
		_SYSTEM_Initialize
 This function uses a non-reentrant model


 *************** function _LED_set_state *****************
 Defined at:
		line 16 in file "interact.c"
 Parameters:    Size  Location     Type
  new_state       1    wreg     enum E2607
 Auto vars:     Size  Location     Type
  new_state       1    1[BANK0 ] enum E2607
 Return value:  Size  Location     Type
                  1    wreg      void 
 Registers used:
		wreg, status,2, status,0
 Tracked objects:
		On entry : 
		On exit  : 
		Unchanged: 
 Data sizes:     COMMON   BANK0   BANK1
      Params:         0       0       0
      Locals:         0       1       0
      Temps:          0       1       0
      Totals:         0       2       0
Total ram usage:        2 bytes
 Hardware stack levels used:    1
 Hardware stack levels required when called:    6
 This function calls:
		Nothing
 This function is called by:
		_main
 This function uses a non-reentrant model


 *************** function _GPS_read_speed *****************
 Defined at:
		line 82 in file "main.c"
 Parameters:    Size  Location     Type
		None
 Auto vars:     Size  Location     Type
  buffer          6    5[BANK0 ] unsigned char [6]
  m_char          1   12[BANK0 ] unsigned char 
  i_buff          1   11[BANK0 ] unsigned char 
  checksum        1    4[BANK0 ] unsigned char 
  no_more_chec    1    3[BANK0 ] unsigned char 
 Return value:  Size  Location     Type
                  1    wreg      unsigned char 
 Registers used:
		wreg, fsr1l, fsr1h, status,2, status,0, pclath, cstack
 Tracked objects:
		On entry : 
		On exit  : 
		Unchanged: 
 Data sizes:     COMMON   BANK0   BANK1
      Params:         0       0       0
      Locals:         0      10       0
      Temps:          0       1       0
      Totals:         0      11       0
Total ram usage:       11 bytes
 Hardware stack levels used:    1
 Hardware stack levels required when called:    7
 This function calls:
		_EUSART_Read
 This function is called by:
		_main
 This function uses a non-reentrant model


 *************** function _EUSART_Read *****************
 Defined at:
		line 112 in file "mcc_generated_files/eusart.c"
 Parameters:    Size  Location     Type
		None
 Auto vars:     Size  Location     Type
  readValue       1    1[BANK0 ] unsigned char 
 Return value:  Size  Location     Type
                  1    wreg      unsigned char 
 Registers used:
		wreg, fsr1l, fsr1h, status,2, status,0
 Tracked objects:
		On entry : 
		On exit  : 
		Unchanged: 
 Data sizes:     COMMON   BANK0   BANK1
      Params:         0       0       0
      Locals:         0       1       0
      Temps:          0       1       0
      Totals:         0       2       0
Total ram usage:        2 bytes
 Hardware stack levels used:    1
 Hardware stack levels required when called:    6
 This function calls:
		Nothing
 This function is called by:
		_GPS_read_speed
		_getch
 This function uses a non-reentrant model


 *************** function _GPS_Initialize *****************
 Defined at:
		line 72 in file "main.c"
 Parameters:    Size  Location     Type
		None
 Auto vars:     Size  Location     Type
  tmp             1   13[BANK0 ] unsigned char 
 Return value:  Size  Location     Type
                  1    wreg      void 
 Registers used:
		wreg, fsr0l, fsr0h, fsr1l, fsr1h, status,2, status,0, pclath, cstack
 Tracked objects:
		On entry : 
		On exit  : 
		Unchanged: 
 Data sizes:     COMMON   BANK0   BANK1
      Params:         0       0       0
      Locals:         0       1       0
      Temps:          0       3       0
      Totals:         0       4       0
Total ram usage:        4 bytes
 Hardware stack levels used:    1
 Hardware stack levels required when called:    9
 This function calls:
		_printf
 This function is called by:
		_main
 This function uses a non-reentrant model


 *************** function _printf *****************
 Defined at:
		line 464 in file "D:\Program Files (x86)\Microchip\xc8\v1.38\sources\common\doprnt.c"
 Parameters:    Size  Location     Type
  f               2    3[BANK0 ] PTR const unsigned char 
		 -> STR_2(18), STR_1(52), 
 Auto vars:     Size  Location     Type
  tmpval          4    0        struct .
  cp              2    0        PTR const unsigned char 
  len             2    0        unsigned int 
  val             2    0        unsigned int 
  c               1    9[BANK0 ] char 
  ap              1    8[BANK0 ] PTR void [1]
		 -> ?_printf(2), 
  flag            1    0        unsigned char 
  prec            1    0        char 
 Return value:  Size  Location     Type
                  2    3[BANK0 ] int 
 Registers used:
		wreg, fsr0l, fsr0h, fsr1l, fsr1h, status,2, status,0, pclath, cstack
 Tracked objects:
		On entry : 
		On exit  : 
		Unchanged: 
 Data sizes:     COMMON   BANK0   BANK1
      Params:         0       2       0
      Locals:         0       2       0
      Temps:          0       3       0
      Totals:         0       7       0
Total ram usage:        7 bytes
 Hardware stack levels used:    1
 Hardware stack levels required when called:    8
 This function calls:
		_putch
 This function is called by:
		_GPS_Initialize
 This function uses a non-reentrant model


 *************** function _putch *****************
 Defined at:
		line 164 in file "mcc_generated_files/eusart.c"
 Parameters:    Size  Location     Type
  txData          1    wreg     unsigned char 
 Auto vars:     Size  Location     Type
  txData          1    2[BANK0 ] unsigned char 
 Return value:  Size  Location     Type
                  1    wreg      void 
 Registers used:
		wreg, fsr1l, fsr1h, status,2, status,0, pclath, cstack
 Tracked objects:
		On entry : 
		On exit  : 
		Unchanged: 
 Data sizes:     COMMON   BANK0   BANK1
      Params:         0       0       0
      Locals:         0       1       0
      Temps:          0       0       0
      Totals:         0       1       0
Total ram usage:        1 bytes
 Hardware stack levels used:    1
 Hardware stack levels required when called:    7
 This function calls:
		_EUSART_Write
 This function is called by:
		_printf
 This function uses a non-reentrant model


 *************** function _EUSART_Write *****************
 Defined at:
		line 136 in file "mcc_generated_files/eusart.c"
 Parameters:    Size  Location     Type
  txData          1    wreg     unsigned char 
 Auto vars:     Size  Location     Type
  txData          1    1[BANK0 ] unsigned char 
 Return value:  Size  Location     Type
                  1    wreg      void 
 Registers used:
		wreg, fsr1l, fsr1h, status,2, status,0
 Tracked objects:
		On entry : 
		On exit  : 
		Unchanged: 
 Data sizes:     COMMON   BANK0   BANK1
      Params:         0       0       0
      Locals:         0       1       0
      Temps:          0       1       0
      Totals:         0       2       0
Total ram usage:        2 bytes
 Hardware stack levels used:    1
 Hardware stack levels required when called:    6
 This function calls:
		Nothing
 This function is called by:
		_putch
 This function uses a non-reentrant model


 *************** function _EPWM_LoadDutyValue *****************
 Defined at:
		line 87 in file "mcc_generated_files/epwm.c"
 Parameters:    Size  Location     Type
  dutyValue       2    0[BANK0 ] unsigned int 
 Auto vars:     Size  Location     Type
		None
 Return value:  Size  Location     Type
                  1    wreg      void 
 Registers used:
		wreg, status,2, status,0
 Tracked objects:
		On entry : 
		On exit  : 
		Unchanged: 
 Data sizes:     COMMON   BANK0   BANK1
      Params:         0       2       0
      Locals:         0       0       0
      Temps:          0       2       0
      Totals:         0       4       0
Total ram usage:        4 bytes
 Hardware stack levels used:    1
 Hardware stack levels required when called:    6
 This function calls:
		Nothing
 This function is called by:
		_main
 This function uses a non-reentrant model


 *************** function _INTERRUPT_InterruptManager *****************
 Defined at:
		line 51 in file "mcc_generated_files/interrupt_manager.c"
 Parameters:    Size  Location     Type
		None
 Auto vars:     Size  Location     Type
		None
 Return value:  Size  Location     Type
                  1    wreg      void 
 Registers used:
		wreg, fsr1l, fsr1h, status,2, status,0, pclath, cstack
 Tracked objects:
		On entry : 
		On exit  : 
		Unchanged: 
 Data sizes:     COMMON   BANK0   BANK1
      Params:         0       0       0
      Locals:         0       0       0
      Temps:          1       0       0
      Totals:         1       0       0
Total ram usage:        1 bytes
 Hardware stack levels used:    1
 Hardware stack levels required when called:    5
 This function calls:
		_EUSART_Receive_ISR
		_EUSART_Transmit_ISR
		_TMR0_ISR
 This function is called by:
		Interrupt level 1
 This function uses a non-reentrant model


 *************** function _TMR0_ISR *****************
 Defined at:
		line 108 in file "mcc_generated_files/tmr0.c"
 Parameters:    Size  Location     Type
		None
 Auto vars:     Size  Location     Type
		None
 Return value:  Size  Location     Type
                  1    wreg      void 
 Registers used:
		wreg, status,2, status,0, pclath, cstack
 Tracked objects:
		On entry : 
		On exit  : 
		Unchanged: 
 Data sizes:     COMMON   BANK0   BANK1
      Params:         0       0       0
      Locals:         0       0       0
      Temps:          0       0       0
      Totals:         0       0       0
Total ram usage:        0 bytes
 Hardware stack levels used:    1
 Hardware stack levels required when called:    4
 This function calls:
		_TMR0_CallBack
 This function is called by:
		_INTERRUPT_InterruptManager
 This function uses a non-reentrant model


 *************** function _TMR0_CallBack *****************
 Defined at:
		line 130 in file "mcc_generated_files/tmr0.c"
 Parameters:    Size  Location     Type
		None
 Auto vars:     Size  Location     Type
		None
 Return value:  Size  Location     Type
                  1    wreg      void 
 Registers used:
		wreg, status,2, status,0, pclath, cstack
 Tracked objects:
		On entry : 
		On exit  : 
		Unchanged: 
 Data sizes:     COMMON   BANK0   BANK1
      Params:         0       0       0
      Locals:         0       0       0
      Temps:          0       0       0
      Totals:         0       0       0
Total ram usage:        0 bytes
 Hardware stack levels used:    1
 Hardware stack levels required when called:    3
 This function calls:
		Absolute function
		_TMR0_DefaultInterruptHandler
		_my10msTimerISR
 This function is called by:
		_TMR0_ISR
 This function uses a non-reentrant model


 *************** function _TMR0_DefaultInterruptHandler *****************
 Defined at:
		line 144 in file "mcc_generated_files/tmr0.c"
 Parameters:    Size  Location     Type
		None
 Auto vars:     Size  Location     Type
		None
 Return value:  Size  Location     Type
                  1    wreg      void 
 Registers used:
		None
 Tracked objects:
		On entry : 
		On exit  : 
		Unchanged: 
 Data sizes:     COMMON   BANK0   BANK1
      Params:         0       0       0
      Locals:         0       0       0
      Temps:          0       0       0
      Totals:         0       0       0
Total ram usage:        0 bytes
 Hardware stack levels used:    1
 This function calls:
		Nothing
 This function is called by:
		_TMR0_Initialize
		_TMR0_CallBack
 This function uses a non-reentrant model


 *************** function _my10msTimerISR *****************
 Defined at:
		line 365 in file "main.c"
 Parameters:    Size  Location     Type
		None
 Auto vars:     Size  Location     Type
		None
 Return value:  Size  Location     Type
                  1    wreg      void 
 Registers used:
		wreg, status,2, status,0, pclath, cstack
 Tracked objects:
		On entry : 
		On exit  : 
		Unchanged: 
 Data sizes:     COMMON   BANK0   BANK1
      Params:         0       0       0
      Locals:         0       0       0
      Temps:          0       0       0
      Totals:         0       0       0
Total ram usage:        0 bytes
 Hardware stack levels used:    1
 Hardware stack levels required when called:    2
 This function calls:
		_LED_update_loop
		_button_update_loop
 This function is called by:
		_main
		_TMR0_CallBack
 This function uses a non-reentrant model


 *************** function _button_update_loop *****************
 Defined at:
		line 78 in file "interact.c"
 Parameters:    Size  Location     Type
		None
 Auto vars:     Size  Location     Type
  current_stat    1    3[COMMON] unsigned char 
 Return value:  Size  Location     Type
                  1    wreg      void 
 Registers used:
		wreg, status,2, status,0, pclath, cstack
 Tracked objects:
		On entry : 
		On exit  : 
		Unchanged: 
 Data sizes:     COMMON   BANK0   BANK1
      Params:         0       0       0
      Locals:         1       0       0
      Temps:          2       0       0
      Totals:         3       0       0
Total ram usage:        3 bytes
 Hardware stack levels used:    1
 Hardware stack levels required when called:    1
 This function calls:
		_get_button_state
 This function is called by:
		_my10msTimerISR
 This function uses a non-reentrant model


 *************** function _get_button_state *****************
 Defined at:
		line 58 in file "interact.c"
 Parameters:    Size  Location     Type
		None
 Auto vars:     Size  Location     Type
  state           1    0[COMMON] unsigned char 
 Return value:  Size  Location     Type
                  1    wreg      unsigned char 
 Registers used:
		wreg, status,2, status,0
 Tracked objects:
		On entry : 
		On exit  : 
		Unchanged: 
 Data sizes:     COMMON   BANK0   BANK1
      Params:         0       0       0
      Locals:         1       0       0
      Temps:          0       0       0
      Totals:         1       0       0
Total ram usage:        1 bytes
 Hardware stack levels used:    1
 This function calls:
		Nothing
 This function is called by:
		_button_update_loop
		_button_init
 This function uses a non-reentrant model


 *************** function _LED_update_loop *****************
 Defined at:
		line 30 in file "interact.c"
 Parameters:    Size  Location     Type
		None
 Auto vars:     Size  Location     Type
		None
 Return value:  Size  Location     Type
                  1    wreg      void 
 Registers used:
		wreg, status,2, status,0
 Tracked objects:
		On entry : 
		On exit  : 
		Unchanged: 
 Data sizes:     COMMON   BANK0   BANK1
      Params:         0       0       0
      Locals:         0       0       0
      Temps:          1       0       0
      Totals:         1       0       0
Total ram usage:        1 bytes
 Hardware stack levels used:    1
 This function calls:
		Nothing
 This function is called by:
		_my10msTimerISR
 This function uses a non-reentrant model


 *************** function _EUSART_Transmit_ISR *****************
 Defined at:
		line 169 in file "mcc_generated_files/eusart.c"
 Parameters:    Size  Location     Type
		None
 Auto vars:     Size  Location     Type
		None
 Return value:  Size  Location     Type
                  1    wreg      void 
 Registers used:
		wreg, fsr1l, fsr1h, status,2, status,0
 Tracked objects:
		On entry : 
		On exit  : 
		Unchanged: 
 Data sizes:     COMMON   BANK0   BANK1
      Params:         0       0       0
      Locals:         0       0       0
      Temps:          1       0       0
      Totals:         1       0       0
Total ram usage:        1 bytes
 Hardware stack levels used:    1
 This function calls:
		Nothing
 This function is called by:
		_INTERRUPT_InterruptManager
 This function uses a non-reentrant model


 *************** function _EUSART_Receive_ISR *****************
 Defined at:
		line 188 in file "mcc_generated_files/eusart.c"
 Parameters:    Size  Location     Type
		None
 Auto vars:     Size  Location     Type
		None
 Return value:  Size  Location     Type
                  1    wreg      void 
 Registers used:
		wreg, fsr1l, fsr1h, status,2, status,0
 Tracked objects:
		On entry : 
		On exit  : 
		Unchanged: 
 Data sizes:     COMMON   BANK0   BANK1
      Params:         0       0       0
      Locals:         0       0       0
      Temps:          1       0       0
      Totals:         1       0       0
Total ram usage:        1 bytes
 Hardware stack levels used:    1
 This function calls:
		Nothing
 This function is called by:
		_INTERRUPT_InterruptManager
 This function uses a non-reentrant model



MODULE INFORMATION

Module		Function		Class		Link	Load	Size
D:\Program Files (x86)\Microchip\xc8\v1.38\sources\common\Umul32.c
		___lmul        		CODE           	04B6	0000	49

D:\Program Files (x86)\Microchip\xc8\v1.38\sources\common\Umul32.c estimated size: 49

mcc_generated_files/tmr2.c
		_TMR2_Initialize		CODE           	065F	0000	10
		_TMR2_StartTimer		CODE           	0688	0000	4

mcc_generated_files/tmr2.c estimated size: 14

mcc_generated_files/interrupt_manager.c
		_INTERRUPT_InterruptManager		CODE           	0004	0000	33

mcc_generated_files/interrupt_manager.c estimated size: 33

mcc_generated_files/epwm.c
		_EPWM_LoadDutyValue		CODE           	0591	0000	29
		_EPWM_Initialize		CODE           	063C	0000	13

mcc_generated_files/epwm.c estimated size: 42

mcc_generated_files/tmr0.c
		_TMR0_SetInterruptHandler		CODE           	067D	0000	7
		_TMR0_DefaultInterruptHandler		CODE           	068F	0000	2
		_TMR0_CallBack 		CODE           	0654	0000	12
		_TMR0_ISR      		CODE           	0628	0000	21
		_TMR0_Initialize		CODE           	0614	0000	21

mcc_generated_files/tmr0.c estimated size: 63

mcc_generated_files/pin_manager.c
		_PIN_MANAGER_Initialize		CODE           	05FE	0000	23

mcc_generated_files/pin_manager.c estimated size: 23

interact.c
		_LED_update_loop		CODE           	04E6	0000	41
		_get_button_state		CODE           	0648	0000	13
		_button_update_loop		CODE           	03B7	0000	116
		_LED_set_state 		CODE           	0532	0000	34

interact.c estimated size: 204

D:\Program Files (x86)\Microchip\xc8\v1.38\sources\common\doprnt.c
		_printf        		CODE           	05C8	0000	28

D:\Program Files (x86)\Microchip\xc8\v1.38\sources\common\doprnt.c estimated size: 28

shared
		_ratio_mph     		STRCODE        	042A	0000	4
		convert_to_fp@one		STRCODE        	042D	0000	3
		__initialization		CODE           	0025	0000	14

shared estimated size: 21

mcc_generated_files/mcc.c
		_OSCILLATOR_Initialize		CODE           	0668	0000	9
		_SYSTEM_Initialize		CODE           	0670	0000	8

mcc_generated_files/mcc.c estimated size: 17

mcc_generated_files/eusart.c
		_putch         		CODE           	0683	0000	6
		_EUSART_Read   		CODE           	0553	0000	34
		_EUSART_Write  		CODE           	050E	0000	37
		_EUSART_Transmit_ISR		CODE           	0574	0000	30
		_EUSART_Initialize		CODE           	05AD	0000	28
		_EUSART_Receive_ISR		CODE           	05E3	0000	28

mcc_generated_files/eusart.c estimated size: 163

fixed_point.c
		_multiply_fp   		CODE           	02DD	0000	219

fixed_point.c estimated size: 219

main.c
		_GPS_Initialize		CODE           	0475	0000	66
		_main          		CODE           	01B6	0000	296
		_my10msTimerISR		CODE           	068B	0000	4
		_GPS_read_speed		CODE           	0035	0000	386

main.c estimated size: 752

