Microchip MPLAB XC8 Compiler V1.38 ()

Linker command line:

-W-3 --edf=D:\Program Files (x86)\Microchip\xc8\v1.38\dat\en_msgs.txt -cs \
  -h+dist/default/debug\neo_retro_speedo_16F1827.X.debug.sym \
  --cmf=dist/default/debug\neo_retro_speedo_16F1827.X.debug.cmf -z \
  -Q16F1827 -oC:\Users\nio10\AppData\Local\Temp\s5so.2 \
  -Mdist/default/debug/neo_retro_speedo_16F1827.X.debug.map -E1 -ver=XC8 \
  -ASTACK=02026h-0216fh -pstack=STACK -ACODE=00h-07FFhx2 \
  -ASTRCODE=00h-0FFFh -ASTRING=00h-0FFhx16 -ACONST=00h-0FFhx16 \
  -AENTRY=00h-0FFhx16 -ACOMMON=070h-07Fh -ABANK0=020h-06Fh \
  -ABANK1=0A0h-0EFh -ABANK2=0120h-016Fh -ABANK3=01A0h-01EFh \
  -ABANK4=0220h-024Fh -ABIGRAM=02000h-0216Fh \
  -ARAM=020h-06Fh,0A0h-0EFh,0120h-016Fh,01A0h-01EFh,0220h-024Fh \
  -AABS1=020h-07Fh,0A0h-0EFh,0120h-016Fh,01A0h-01EFh,0220h-024Fh \
  -ASFR0=00h-01Fh -ASFR1=080h-09Fh -ASFR2=0100h-011Fh -ASFR3=0180h-019Fh \
  -ASFR4=0200h-021Fh -ASFR5=0280h-02EFh -ASFR6=0300h-036Fh \
  -ASFR7=0380h-03EFh -ASFR8=0400h-046Fh -ASFR9=0480h-04EFh \
  -ASFR10=0500h-056Fh -ASFR11=0580h-05EFh -ASFR12=0600h-066Fh \
  -ASFR13=0680h-06EFh -ASFR14=0700h-076Fh -ASFR15=0780h-07EFh \
  -ASFR16=0800h-086Fh -ASFR17=0880h-08EFh -ASFR18=0900h-096Fh \
  -ASFR19=0980h-09EFh -ASFR20=0A00h-0A6Fh -ASFR21=0A80h-0AEFh \
  -ASFR22=0B00h-0B6Fh -ASFR23=0B80h-0BEFh -ASFR24=0C00h-0C6Fh \
  -ASFR25=0C80h-0CEFh -ASFR26=0D00h-0D6Fh -ASFR27=0D80h-0DEFh \
  -ASFR28=0E00h-0E6Fh -ASFR29=0E80h-0EEFh -ASFR30=0F00h-0F6Fh \
  -ASFR31=0F80h-0FEFh -preset_vec=00h,intentry,init,end_init -ppowerup=CODE \
  -pcinit=CODE -pfunctab=CODE -ACONFIG=08007h-08008h -pconfig=CONFIG \
  -DCONFIG=2 -AIDLOC=08000h-08003h -pidloc=IDLOC -DIDLOC=2 \
  -AEEDATA=00h-0FFh/0F000h -peeprom_data=EEDATA -DEEDATA=2 -DCODE=2 \
  -DSTRCODE=2 -DSTRING=2 -DCONST=2 -DENTRY=2 -k \
  C:\Users\nio10\AppData\Local\Temp\s5so.obj \
  dist/default/debug\neo_retro_speedo_16F1827.X.debug.obj 

Object code version is 3.11

Machine type is 16F1827



                Name                               Link     Load   Length Selector   Space Scale
C:\Users\nio10\AppData\Local\Temp\s5so.obj
                end_init                              2        2        2        0       0
                reset_vec                             0        0        2        0       0
                config                             8007     8007        2    1000E       0
dist/default/debug\neo_retro_speedo_16F1827.X.debug.obj
                cinit                               7F1      7F1        F      FE2       0
                text3                               696      696       79      D2C       0
                text2                               667      667       2F      CCE       0
                text1                               70F      70F       E2      E1E       0
                maintext                            639      639       2E      C72       0
                cstackBANK0                          20       20       1E       20       1
                cstackCOMMON                         70       70        C       70       1
                dataBANK0                            45       45        1       20       1
                bssBANK0                             3E       3E        7       20       1
                bssCOMMON                            7C       7C        2       70       1
                stringtext                          800      800        5     1000       0
                idataBANK0                          638      638        1      C70       0

TOTAL           Name                               Link     Load   Length     Space
        CLASS   STACK          

        CLASS   CODE           
                end_init                              2        2        2         0
                cinit                               7F1      7F1        F         0
                reset_vec                             0        0        2         0
                text3                               696      696       79         0
                text2                               667      667       2F         0
                text1                               70F      70F       E2         0
                maintext                            639      639       2E         0
                idataBANK0                          638      638        1         0

        CLASS   STRCODE        
                stringtext                          800      800        5         0

        CLASS   STRING         

        CLASS   CONST          

        CLASS   ENTRY          

        CLASS   COMMON         
                cstackCOMMON                         70       70        C         1
                bssCOMMON                            7C       7C        2         1

        CLASS   BANK0          
                cstackBANK0                          20       20       1E         1
                dataBANK0                            45       45        1         1
                bssBANK0                             3E       3E        7         1

        CLASS   BANK1          

        CLASS   BANK2          

        CLASS   BANK3          

        CLASS   BANK4          

        CLASS   BIGRAM         

        CLASS   RAM            

        CLASS   ABS1           
                abs_s1                               7E       7E        2         1

        CLASS   SFR0           

        CLASS   SFR1           

        CLASS   SFR2           

        CLASS   SFR3           

        CLASS   SFR4           

        CLASS   SFR5           

        CLASS   SFR6           

        CLASS   SFR7           

        CLASS   SFR8           

        CLASS   SFR9           

        CLASS   SFR10          

        CLASS   SFR11          

        CLASS   SFR12          

        CLASS   SFR13          

        CLASS   SFR14          

        CLASS   SFR15          

        CLASS   SFR16          

        CLASS   SFR17          

        CLASS   SFR18          

        CLASS   SFR19          

        CLASS   SFR20          

        CLASS   SFR21          

        CLASS   SFR22          

        CLASS   SFR23          

        CLASS   SFR24          

        CLASS   SFR25          

        CLASS   SFR26          

        CLASS   SFR27          

        CLASS   SFR28          

        CLASS   SFR29          

        CLASS   SFR30          

        CLASS   SFR31          

        CLASS   CONFIG         
                config                             8007     8007        2         0

        CLASS   IDLOC          

        CLASS   EEDATA         

        CLASS   BANK31         

        CLASS   BANK30         

        CLASS   BANK29         

        CLASS   BANK28         

        CLASS   BANK27         

        CLASS   BANK26         

        CLASS   BANK25         

        CLASS   BANK24         

        CLASS   BANK23         

        CLASS   BANK22         

        CLASS   BANK21         

        CLASS   BANK20         

        CLASS   BANK19         

        CLASS   BANK18         

        CLASS   BANK17         

        CLASS   BANK16         

        CLASS   BANK15         

        CLASS   BANK14         

        CLASS   BANK13         

        CLASS   BANK12         

        CLASS   BANK11         

        CLASS   BANK10         

        CLASS   BANK9          

        CLASS   BANK8          

        CLASS   BANK7          

        CLASS   BANK6          

        CLASS   BANK5          



SEGMENTS        Name                           Load    Length   Top    Selector   Space  Class     Delta

                reset_vec                      000000  000004  000004         0       0  CODE        2
                cstackBANK0                    000020  000026  000046        20       1  BANK0       1
                cstackCOMMON                   000070  00000E  00007E        70       1  COMMON      1
                idataBANK0                     000638  000001  000639       C70       0  CODE        2
                maintext                       000639  00002E  000667       C72       0  CODE        2
                text2                          000667  00002F  000696       CCE       0  CODE        2
                text3                          000696  000079  00070F       D2C       0  CODE        2
                text1                          00070F  0000E2  0007F1       E1E       0  CODE        2
                cinit                          0007F1  00000F  000800       FE2       0  CODE        2
                stringtext                     000800  000005  000805      1000       0  STRCODE     2
                config                         008007  000002  008009     1000E       0  CONFIG      2


UNUSED ADDRESS RANGES

        Name                Unused          Largest block    Delta
        BANK0            00046-0006F              2A           1
        BANK1            000A0-000EF              50           1
        BANK2            00120-0016F              50           1
        BANK3            001A0-001EF              50           1
        BANK4            00220-0024F              30           1
        BIGRAM           02000-0216F             170           1
        CODE             00004-00637             634           2
                         00805-00FFF             7FB
        CONST            00004-00637             100           2
                         00805-00FFF             100
        EEDATA           0F000-0F0FF             100           2
        ENTRY            00004-00637             100           2
                         00805-00FFF             100
        IDLOC            08000-08003               4           2
        RAM              00046-0006F              2A           1
                         000A0-000EF              50
                         00120-0016F              50
                         001A0-001EF              50
                         00220-0024F              30
        SFR0             00000-0001F              20           1
        SFR1             00080-0009F              20           1
        SFR10            00500-0056F              70           1
        SFR11            00580-005EF              70           1
        SFR12            00600-0066F              70           1
        SFR13            00680-006EF              70           1
        SFR14            00700-0076F              70           1
        SFR15            00780-007EF              70           1
        SFR16            00800-0086F              70           1
        SFR17            00880-008EF              70           1
        SFR18            00900-0096F              70           1
        SFR19            00980-009EF              70           1
        SFR2             00100-0011F              20           1
        SFR20            00A00-00A6F              70           1
        SFR21            00A80-00AEF              70           1
        SFR22            00B00-00B6F              70           1
        SFR23            00B80-00BEF              70           1
        SFR24            00C00-00C6F              70           1
        SFR25            00C80-00CEF              70           1
        SFR26            00D00-00D6F              70           1
        SFR27            00D80-00DEF              70           1
        SFR28            00E00-00E6F              70           1
        SFR29            00E80-00EEF              70           1
        SFR3             00180-0019F              20           1
        SFR30            00F00-00F6F              70           1
        SFR31            00F80-00FEF              70           1
        SFR4             00200-0021F              20           1
        SFR5             00280-002EF              70           1
        SFR6             00300-0036F              70           1
        SFR7             00380-003EF              70           1
        SFR8             00400-0046F              70           1
        SFR9             00480-004EF              70           1
        STACK            02026-0216F             14A           1
        STRCODE          00004-00637             634           2
                         00805-00FFF             7FB
        STRING           00004-00637             100           2
                         00805-00FFF             100

                                  Symbol Table

?___lmul                  cstackCOMMON 00070
?_convert_to_fp           cstackCOMMON 00070
?_multiply_fp             cstackBANK0  00020
_ANSELA                   (abs)        0018C
_ANSELB                   (abs)        0018D
_APFCON0                  (abs)        0011D
_APFCON1                  (abs)        0011E
_LATA                     (abs)        0010C
_LATB                     (abs)        0010D
_LED_counter              bssBANK0     0003E
_LED_state                dataBANK0    00045
_OPTION_REGbits           (abs)        00095
_OSCCON                   (abs)        00099
_OSCSTAT                  (abs)        0009A
_OSCTUNE                  (abs)        00098
_PLLR                     (abs)        004D6
_TRISA                    (abs)        0008C
_TRISB                    (abs)        0008D
_WPUA                     (abs)        0020C
_WPUB                     (abs)        0020D
__CFG_BOREN$ON            (abs)        00000
__CFG_BORV$LO             (abs)        00000
__CFG_CLKOUTEN$OFF        (abs)        00000
__CFG_CP$OFF              (abs)        00000
__CFG_CPD$OFF             (abs)        00000
__CFG_FCMEN$ON            (abs)        00000
__CFG_FOSC$INTOSC         (abs)        00000
__CFG_IESO$ON             (abs)        00000
__CFG_LVP$OFF             (abs)        00000
__CFG_MCLRE$ON            (abs)        00000
__CFG_PLLEN$ON            (abs)        00000
__CFG_PWRTE$OFF           (abs)        00000
__CFG_STVREN$ON           (abs)        00000
__CFG_WDTE$OFF            (abs)        00000
__CFG_WRT$OFF             (abs)        00000
__Habs1                   abs1         00000
__Hbank0                  bank0        00000
__Hbank1                  bank1        00000
__Hbank10                 bank10       00000
__Hbank11                 bank11       00000
__Hbank12                 bank12       00000
__Hbank13                 bank13       00000
__Hbank14                 bank14       00000
__Hbank15                 bank15       00000
__Hbank16                 bank16       00000
__Hbank17                 bank17       00000
__Hbank18                 bank18       00000
__Hbank19                 bank19       00000
__Hbank2                  bank2        00000
__Hbank20                 bank20       00000
__Hbank21                 bank21       00000
__Hbank22                 bank22       00000
__Hbank23                 bank23       00000
__Hbank24                 bank24       00000
__Hbank25                 bank25       00000
__Hbank26                 bank26       00000
__Hbank27                 bank27       00000
__Hbank28                 bank28       00000
__Hbank29                 bank29       00000
__Hbank3                  bank3        00000
__Hbank30                 bank30       00000
__Hbank31                 bank31       00000
__Hbank4                  bank4        00000
__Hbank5                  bank5        00000
__Hbank6                  bank6        00000
__Hbank7                  bank7        00000
__Hbank8                  bank8        00000
__Hbank9                  bank9        00000
__Hbigram                 bigram       00000
__HbssBANK0               bssBANK0     00000
__HbssCOMMON              bssCOMMON    00000
__Hcinit                  cinit        00800
__Hclrtext                clrtext      00000
__Hcode                   code         00000
__Hcommon                 common       00000
__Hconfig                 config       08009
__HcstackBANK0            cstackBANK0  00000
__HcstackCOMMON           cstackCOMMON 00000
__HdataBANK0              dataBANK0    00000
__Heeprom_data            eeprom_data  00000
__Hend_init               end_init     00004
__Hfunctab                functab      00000
__HidataBANK0             idataBANK0   00000
__Hidloc                  idloc        00000
__Hinit                   init         00002
__Hintentry               intentry     00002
__Hmaintext               maintext     00000
__Hpowerup                powerup      00000
__Hram                    ram          00000
__Hreset_vec              reset_vec    00002
__Hsfr0                   sfr0         00000
__Hsfr1                   sfr1         00000
__Hsfr10                  sfr10        00000
__Hsfr11                  sfr11        00000
__Hsfr12                  sfr12        00000
__Hsfr13                  sfr13        00000
__Hsfr14                  sfr14        00000
__Hsfr15                  sfr15        00000
__Hsfr16                  sfr16        00000
__Hsfr17                  sfr17        00000
__Hsfr18                  sfr18        00000
__Hsfr19                  sfr19        00000
__Hsfr2                   sfr2         00000
__Hsfr20                  sfr20        00000
__Hsfr21                  sfr21        00000
__Hsfr22                  sfr22        00000
__Hsfr23                  sfr23        00000
__Hsfr24                  sfr24        00000
__Hsfr25                  sfr25        00000
__Hsfr26                  sfr26        00000
__Hsfr27                  sfr27        00000
__Hsfr28                  sfr28        00000
__Hsfr29                  sfr29        00000
__Hsfr3                   sfr3         00000
__Hsfr30                  sfr30        00000
__Hsfr31                  sfr31        00000
__Hsfr4                   sfr4         00000
__Hsfr5                   sfr5         00000
__Hsfr6                   sfr6         00000
__Hsfr7                   sfr7         00000
__Hsfr8                   sfr8         00000
__Hsfr9                   sfr9         00000
__Hspace_0                (abs)        08009
__Hspace_1                (abs)        0007E
__Hspace_2                (abs)        00000
__Hspace_3                (abs)        00000
__Hstack                  stack        00000
__Hstrings                strings      00000
__Hstringtext             stringtext   00000
__Htext                   text         00000
__Labs1                   abs1         00000
__Lbank0                  bank0        00000
__Lbank1                  bank1        00000
__Lbank10                 bank10       00000
__Lbank11                 bank11       00000
__Lbank12                 bank12       00000
__Lbank13                 bank13       00000
__Lbank14                 bank14       00000
__Lbank15                 bank15       00000
__Lbank16                 bank16       00000
__Lbank17                 bank17       00000
__Lbank18                 bank18       00000
__Lbank19                 bank19       00000
__Lbank2                  bank2        00000
__Lbank20                 bank20       00000
__Lbank21                 bank21       00000
__Lbank22                 bank22       00000
__Lbank23                 bank23       00000
__Lbank24                 bank24       00000
__Lbank25                 bank25       00000
__Lbank26                 bank26       00000
__Lbank27                 bank27       00000
__Lbank28                 bank28       00000
__Lbank29                 bank29       00000
__Lbank3                  bank3        00000
__Lbank30                 bank30       00000
__Lbank31                 bank31       00000
__Lbank4                  bank4        00000
__Lbank5                  bank5        00000
__Lbank6                  bank6        00000
__Lbank7                  bank7        00000
__Lbank8                  bank8        00000
__Lbank9                  bank9        00000
__Lbigram                 bigram       00000
__LbssBANK0               bssBANK0     00000
__LbssCOMMON              bssCOMMON    00000
__Lcinit                  cinit        007F1
__Lclrtext                clrtext      00000
__Lcode                   code         00000
__Lcommon                 common       00000
__Lconfig                 config       08007
__LcstackBANK0            cstackBANK0  00000
__LcstackCOMMON           cstackCOMMON 00000
__LdataBANK0              dataBANK0    00000
__Leeprom_data            eeprom_data  00000
__Lend_init               end_init     00002
__Lfunctab                functab      00000
__LidataBANK0             idataBANK0   00000
__Lidloc                  idloc        00000
__Linit                   init         00002
__Lintentry               intentry     00002
__Lmaintext               maintext     00000
__Lpowerup                powerup      00000
__Lram                    ram          00000
__Lreset_vec              reset_vec    00000
__Lsfr0                   sfr0         00000
__Lsfr1                   sfr1         00000
__Lsfr10                  sfr10        00000
__Lsfr11                  sfr11        00000
__Lsfr12                  sfr12        00000
__Lsfr13                  sfr13        00000
__Lsfr14                  sfr14        00000
__Lsfr15                  sfr15        00000
__Lsfr16                  sfr16        00000
__Lsfr17                  sfr17        00000
__Lsfr18                  sfr18        00000
__Lsfr19                  sfr19        00000
__Lsfr2                   sfr2         00000
__Lsfr20                  sfr20        00000
__Lsfr21                  sfr21        00000
__Lsfr22                  sfr22        00000
__Lsfr23                  sfr23        00000
__Lsfr24                  sfr24        00000
__Lsfr25                  sfr25        00000
__Lsfr26                  sfr26        00000
__Lsfr27                  sfr27        00000
__Lsfr28                  sfr28        00000
__Lsfr29                  sfr29        00000
__Lsfr3                   sfr3         00000
__Lsfr30                  sfr30        00000
__Lsfr31                  sfr31        00000
__Lsfr4                   sfr4         00000
__Lsfr5                   sfr5         00000
__Lsfr6                   sfr6         00000
__Lsfr7                   sfr7         00000
__Lsfr8                   sfr8         00000
__Lsfr9                   sfr9         00000
__Lspace_0                (abs)        00000
__Lspace_1                (abs)        00000
__Lspace_2                (abs)        00000
__Lspace_3                (abs)        00000
__Lstack                  stack        00000
__Lstrings                strings      00000
__Lstringtext             stringtext   00000
__Ltext                   text         00000
__S0                      (abs)        08009
__S1                      (abs)        0007E
__S2                      (abs)        00000
__S3                      (abs)        00000
___int_sp                 stack        00000
___latbits                (abs)        00001
___lmul                   text2        00667
___lmul@multiplicand      cstackCOMMON 00074
___lmul@multiplier        cstackCOMMON 00070
___lmul@product           cstackCOMMON 00078
___sp                     stack        00000
__end_of___lmul           text2        00696
__end_of__initialization  cinit        007FD
__end_of_convert_to_fp    text3        0070F
__end_of_main             maintext     00667
__end_of_multiply_fp      text1        007F1
__end_of_ratio_mph        stringtext   00803
__end_ofconvert_to_fp@one stringtext   00805
__initialization          cinit        007F1
__pbssBANK0               bssBANK0     0003E
__pbssCOMMON              bssCOMMON    0007C
__pcstackBANK0            cstackBANK0  00020
__pcstackCOMMON           cstackCOMMON 00070
__pdataBANK0              dataBANK0    00045
__pidataBANK0             idataBANK0   00638
__pmaintext               maintext     00639
__pstringtext             stringtext   00800
__ptext1                  text1        0070F
__ptext2                  text2        00667
__ptext3                  text3        00696
__size_of___lmul          (abs)        00000
__size_of_convert_to_fp   (abs)        00000
__size_of_main            (abs)        00000
__size_of_multiply_fp     (abs)        00000
_b_confirmed_state        bssBANK0     0003F
_b_count_pressed          bssBANK0     00040
_b_count_released         bssBANK0     00041
_b_has_once_been_released bssBANK0     00042
_b_last_state             bssCOMMON    0007C
_b_push_confirmed         bssBANK0     00043
_b_release_confirmed      bssBANK0     00044
_convert_to_fp            text3        00696
_main                     maintext     00639
_multiply_fp              text1        0070F
_ratio_mph                stringtext   00800
btemp                     (abs)        0007E
convert_to_fp@fract_part  cstackCOMMON 00072
convert_to_fp@i_bit       cstackBANK0  00024
convert_to_fp@int_part    cstackCOMMON 00070
convert_to_fp@one         stringtext   00803
convert_to_fp@res         cstackBANK0  00025
convert_to_fp@res_fract   cstackBANK0  00020
convert_to_fp@tmp_left    cstackBANK0  00022
end_of_initialization     cinit        007FD
intlevel0                 functab      00000
intlevel1                 functab      00000
intlevel2                 functab      00000
intlevel3                 functab      00000
intlevel4                 functab      00000
intlevel5                 functab      00000
ltemp                     (abs)        0007E
ltemp0                    (abs)        0007E
ltemp1                    (abs)        00082
ltemp2                    (abs)        00086
ltemp3                    (abs)        00080
main@speed                cstackBANK0  0003B
main@tmp                  cstackBANK0  0003A
multiply_fp@n1            cstackBANK0  00020
multiply_fp@n1_fra        cstackBANK0  00034
multiply_fp@n2            cstackBANK0  00023
multiply_fp@n2_fra        cstackBANK0  00037
multiply_fp@res           cstackBANK0  00030
reset_vec                 reset_vec    00000
stackhi                   (abs)        0216F
stacklo                   (abs)        02026
start                     init         00002
start_initialization      cinit        007F1
ttemp                     (abs)        0007E
ttemp0                    (abs)        0007E
ttemp1                    (abs)        00081
ttemp2                    (abs)        00084
ttemp3                    (abs)        00087
ttemp4                    (abs)        0007F
wtemp                     (abs)        0007E
wtemp0                    (abs)        0007E
wtemp1                    (abs)        00080
wtemp2                    (abs)        00082
wtemp3                    (abs)        00084
wtemp4                    (abs)        00086
wtemp5                    (abs)        00088
wtemp6                    (abs)        0007F


FUNCTION INFORMATION:

 *************** function _main *****************
 Defined at:
		line 59 in file "main.c"
 Parameters:    Size  Location     Type
		None
 Auto vars:     Size  Location     Type
  speed           3   27[BANK0 ] unsigned um
  tmp             1   26[BANK0 ] unsigned char 
 Return value:  Size  Location     Type
                  1    wreg      void 
 Registers used:
		wreg, fsr0l, fsr0h, status,2, status,0, pclath, cstack
 Tracked objects:
		On entry : 
		On exit  : 
		Unchanged: 
 Data sizes:     COMMON   BANK0   BANK1   BANK2   BANK3   BANK4
      Params:         0       0       0       0       0       0
      Locals:         0       4       0       0       0       0
      Temps:          0       0       0       0       0       0
      Totals:         0       4       0       0       0       0
Total ram usage:        4 bytes
 Hardware stack levels required when called:    2
 This function calls:
		_convert_to_fp
		_multiply_fp
 This function is called by:
		Startup code after reset
 This function uses a non-reentrant model


 *************** function _multiply_fp *****************
 Defined at:
		line 40 in file "fixed_point.c"
 Parameters:    Size  Location     Type
  n1              3    0[BANK0 ] unsigned um
  n2              3    3[BANK0 ] unsigned um
 Auto vars:     Size  Location     Type
  res             4   16[BANK0 ] unsigned long 
  n2_fra          3   23[BANK0 ] unsigned um
  n1_fra          3   20[BANK0 ] unsigned um
 Return value:  Size  Location     Type
                  3    0[BANK0 ] unsigned um
 Registers used:
		wreg, status,2, status,0, pclath, cstack
 Tracked objects:
		On entry : 
		On exit  : 
		Unchanged: 
 Data sizes:     COMMON   BANK0   BANK1   BANK2   BANK3   BANK4
      Params:         0       6       0       0       0       0
      Locals:         0      10       0       0       0       0
      Temps:          0      10       0       0       0       0
      Totals:         0      26       0       0       0       0
Total ram usage:       26 bytes
 Hardware stack levels used:    1
 Hardware stack levels required when called:    1
 This function calls:
		___lmul
 This function is called by:
		_main
 This function uses a non-reentrant model


 *************** function ___lmul *****************
 Defined at:
		line 15 in file "D:\Program Files (x86)\Microchip\xc8\v1.38\sources\common\Umul32.c"
 Parameters:    Size  Location     Type
  multiplier      4    0[COMMON] unsigned long 
  multiplicand    4    4[COMMON] unsigned long 
 Auto vars:     Size  Location     Type
  product         4    8[COMMON] unsigned long 
 Return value:  Size  Location     Type
                  4    0[COMMON] unsigned long 
 Registers used:
		wreg, status,2, status,0
 Tracked objects:
		On entry : 
		On exit  : 
		Unchanged: 
 Data sizes:     COMMON   BANK0   BANK1   BANK2   BANK3   BANK4
      Params:         8       0       0       0       0       0
      Locals:         4       0       0       0       0       0
      Temps:          0       0       0       0       0       0
      Totals:        12       0       0       0       0       0
Total ram usage:       12 bytes
 Hardware stack levels used:    1
 This function calls:
		Nothing
 This function is called by:
		_multiply_fp
 This function uses a non-reentrant model


 *************** function _convert_to_fp *****************
 Defined at:
		line 11 in file "fixed_point.c"
 Parameters:    Size  Location     Type
  int_part        2    0[COMMON] unsigned short 
  fract_part      2    2[COMMON] unsigned short 
 Auto vars:     Size  Location     Type
  i_bit           1    4[BANK0 ] unsigned char 
  res             3    5[BANK0 ] unsigned um
  tmp_left        2    2[BANK0 ] unsigned short 
  res_fract       2    0[BANK0 ] unsigned short 
 Return value:  Size  Location     Type
                  3    0[COMMON] unsigned um
 Registers used:
		wreg, fsr0l, fsr0h, status,2, status,0, pclath
 Tracked objects:
		On entry : 
		On exit  : 
		Unchanged: 
 Data sizes:     COMMON   BANK0   BANK1   BANK2   BANK3   BANK4
      Params:         4       0       0       0       0       0
      Locals:         0       8       0       0       0       0
      Temps:          6       0       0       0       0       0
      Totals:        10       8       0       0       0       0
Total ram usage:       18 bytes
 Hardware stack levels used:    1
 This function calls:
		Nothing
 This function is called by:
		_main
 This function uses a non-reentrant model



MODULE INFORMATION

Module		Function		Class		Link	Load	Size
D:\Program Files (x86)\Microchip\xc8\v1.38\sources\common\Umul32.c
		___lmul        		CODE           	0667	0000	48

D:\Program Files (x86)\Microchip\xc8\v1.38\sources\common\Umul32.c estimated size: 48

shared
		_ratio_mph     		STRCODE        	0800	0000	4
		convert_to_fp@one		STRCODE        	0803	0000	3
		__initialization		CODE           	07F1	0000	13

shared estimated size: 20

fixed_point.c
		_multiply_fp   		CODE           	070F	0000	227
		_convert_to_fp 		CODE           	0696	0000	122

fixed_point.c estimated size: 349

main.c
		_main          		CODE           	0639	0000	47

main.c estimated size: 47

