Microchip MPLAB XC8 Compiler V1.38 ()

Linker command line:

-W-3 --edf=D:\Program Files\Microchip\xc8\v1.38\dat\en_msgs.txt -cs \
  -h+dist/default/production\neo_retro_speedo_16F1827.X.production.sym \
  --cmf=dist/default/production\neo_retro_speedo_16F1827.X.production.cmf \
  -z -Q16F1827 -oC:\Users\nicolas\AppData\Local\Temp\s1g4.2 \
  -Mdist/default/production/neo_retro_speedo_16F1827.X.production.map -E1 \
  -ver=XC8 -ASTACK=020B6h-0216fh -pstack=STACK -ACODE=00h-07FFhx2 \
  -ASTRCODE=00h-0FFFh -ASTRING=00h-0FFhx16 -ACONST=00h-0FFhx16 \
  -AENTRY=00h-0FFhx16 -ACOMMON=070h-07Fh -ABANK0=020h-06Fh \
  -ABANK1=0A0h-0EFh -ABANK2=0120h-016Fh -ABANK3=01A0h-01EFh \
  -ABANK4=0220h-024Fh -ABIGRAM=02000h-0216Fh \
  -ARAM=020h-06Fh,0A0h-0EFh,0120h-016Fh,01A0h-01EFh,0220h-024Fh \
  -AABS1=020h-07Fh,0A0h-0EFh,0120h-016Fh,01A0h-01EFh,0220h-024Fh \
  -ASFR0=00h-01Fh -ASFR1=080h-09Fh -ASFR2=0100h-011Fh -ASFR3=0180h-019Fh \
  -ASFR4=0200h-021Fh -ASFR5=0280h-02EFh -ASFR6=0300h-036Fh \
  -ASFR7=0380h-03EFh -ASFR8=0400h-046Fh -ASFR9=0480h-04EFh \
  -ASFR10=0500h-056Fh -ASFR11=0580h-05EFh -ASFR12=0600h-066Fh \
  -ASFR13=0680h-06EFh -ASFR14=0700h-076Fh -ASFR15=0780h-07EFh \
  -ASFR16=0800h-086Fh -ASFR17=0880h-08EFh -ASFR18=0900h-096Fh \
  -ASFR19=0980h-09EFh -ASFR20=0A00h-0A6Fh -ASFR21=0A80h-0AEFh \
  -ASFR22=0B00h-0B6Fh -ASFR23=0B80h-0BEFh -ASFR24=0C00h-0C6Fh \
  -ASFR25=0C80h-0CEFh -ASFR26=0D00h-0D6Fh -ASFR27=0D80h-0DEFh \
  -ASFR28=0E00h-0E6Fh -ASFR29=0E80h-0EEFh -ASFR30=0F00h-0F6Fh \
  -ASFR31=0F80h-0FEFh -preset_vec=00h,intentry=04h,init,end_init \
  -ppowerup=CODE -pcinit=CODE -pfunctab=CODE -ACONFIG=08007h-08008h \
  -pconfig=CONFIG -DCONFIG=2 -AIDLOC=08000h-08003h -pidloc=IDLOC -DIDLOC=2 \
  -AEEDATA=00h-0FFh/0F000h -peeprom_data=EEDATA -DEEDATA=2 -DCODE=2 \
  -DSTRCODE=2 -DSTRING=2 -DCONST=2 -DENTRY=2 -k \
  C:\Users\nicolas\AppData\Local\Temp\s1g4.obj \
  dist/default/production\neo_retro_speedo_16F1827.X.production.obj 

Object code version is 3.11

Machine type is 16F1827



                Name                               Link     Load   Length Selector   Space Scale
C:\Users\nicolas\AppData\Local\Temp\s1g4.obj
                end_init                             29       29        2        8       0
                reset_vec                             0        0        2        0       0
                config                             8007     8007        2    1000E       0
dist/default/production\neo_retro_speedo_16F1827.X.production.obj
                cinit                                2B       2B       17        8       0
                intentry                              4        4       25        8       0
                text42                              A11      A11       1B     1422       0
                text41                              A7F      A7F       1D     14FE       0
                text40                              B37      B37       26     166E       0
                text39                              96B      96B        C     12D6       0
                text38                              C61      C61       5E     18C2       0
                text37                              936      936        6     126C       0
                text36                                3        3        1        6       0
                text35                              960      960        B     12C0       0
                text34                              9E4      9E4       16     13C8       0
                text32                              B14      B14       23     1628       0
                text31                              93C      93C        6     1278       0
                text30                              A9C      A9C       1D     1538       0
                text29                              BCD      BCD       45     179A       0
                text28                              AB9      AB9       1D     1572       0
                text27                              A47      A47       1C     148E       0
                text26                              71C      71C       A9        8       0
                text25                              3CE      3CE      255        8       0
                text24                              99C      99C        E     1338       0
                text23                              A2C      A2C       1B     1458       0
                text22                              94E      94E        8     129C       0
                text21                              9FA      9FA       17     13F4       0
                text20                              942      942        6     1284       0
                text19                              9CF      9CF       15     139E       0
                text18                              933      933        3     1266       0
                text17                              956      956        A     12AC       0
                text16                              9AA      9AA       12     1354       0
                text15                              9BC      9BC       13     1378       0
                text14                              D27      D27       6B     1A4E       0
                text13                              977      977        C     12EE       0
                text12                              C12      C12       4F     1824       0
                text11                              D92      D92       6F     1B24       0
                text10                              B5D      B5D       30     16BA       0
                text9                               623      623       F9        8       0
                text8                               A63      A63       1C     14C6       0
                text7                               983      983        C     1306       0
                text6                               98F      98F        D     131E       0
                text5                               AD6      AD6       1D     15AC       0
                text4                               B8D      B8D       40     171A       0
                text3                               E01      E01      1FF     1C02       0
                text2                               AF3      AF3       21     15E6       0
                text1                               CBF      CBF       68     197E       0
                maintext                             42       42      38C        8       0
                cstackBANK0                          20       20       34       20       1
                cstackCOMMON                         70       70        6       70       1
                cstackBANK2                         120      120       16      120       1
                clrtext                             948      948        6     1290       0
                bssBANK1                             A0       A0       4D       A0       1
                bssBANK0                             54       54        A       20       1
                bssCOMMON                            76       76        4       70       1
                stringtext                          7C5      7C5       54      F8A       0

TOTAL           Name                               Link     Load   Length     Space
        CLASS   STACK          

        CLASS   CODE           
                end_init                             29       29        2         0
                cinit                                2B       2B       17         0
                intentry                              4        4       25         0
                reset_vec                             0        0        2         0
                text42                              A11      A11       1B         0
                text41                              A7F      A7F       1D         0
                text40                              B37      B37       26         0
                text39                              96B      96B        C         0
                text38                              C61      C61       5E         0
                text37                              936      936        6         0
                text36                                3        3        1         0
                text35                              960      960        B         0
                text34                              9E4      9E4       16         0
                text32                              B14      B14       23         0
                text31                              93C      93C        6         0
                text30                              A9C      A9C       1D         0
                text29                              BCD      BCD       45         0
                text28                              AB9      AB9       1D         0
                text27                              A47      A47       1C         0
                text26                              71C      71C       A9         0
                text25                              3CE      3CE      255         0
                text24                              99C      99C        E         0
                text23                              A2C      A2C       1B         0
                text22                              94E      94E        8         0
                text21                              9FA      9FA       17         0
                text20                              942      942        6         0
                text19                              9CF      9CF       15         0
                text18                              933      933        3         0
                text17                              956      956        A         0
                text16                              9AA      9AA       12         0
                text15                              9BC      9BC       13         0
                text14                              D27      D27       6B         0
                text13                              977      977        C         0
                text12                              C12      C12       4F         0
                text11                              D92      D92       6F         0
                text10                              B5D      B5D       30         0
                text9                               623      623       F9         0
                text8                               A63      A63       1C         0
                text7                               983      983        C         0
                text6                               98F      98F        D         0
                text5                               AD6      AD6       1D         0
                text4                               B8D      B8D       40         0
                text3                               E01      E01      1FF         0
                text2                               AF3      AF3       21         0
                text1                               CBF      CBF       68         0
                maintext                             42       42      38C         0
                clrtext                             948      948        6         0

        CLASS   STRCODE        
                stringtext                          7C5      7C5       54         0

        CLASS   STRING         

        CLASS   CONST          

        CLASS   ENTRY          

        CLASS   COMMON         
                cstackCOMMON                         70       70        6         1
                bssCOMMON                            76       76        4         1

        CLASS   BANK0          
                cstackBANK0                          20       20       34         1
                bssBANK0                             54       54        A         1

        CLASS   BANK1          
                bssBANK1                             A0       A0       4D         1

        CLASS   BANK2          
                cstackBANK2                         120      120       16         1

        CLASS   BANK3          

        CLASS   BANK4          

        CLASS   BIGRAM         

        CLASS   RAM            

        CLASS   ABS1           
                abs_s1                               7E       7E        2         1

        CLASS   SFR0           

        CLASS   SFR1           

        CLASS   SFR2           

        CLASS   SFR3           

        CLASS   SFR4           

        CLASS   SFR5           

        CLASS   SFR6           

        CLASS   SFR7           

        CLASS   SFR8           

        CLASS   SFR9           

        CLASS   SFR10          

        CLASS   SFR11          

        CLASS   SFR12          

        CLASS   SFR13          

        CLASS   SFR14          

        CLASS   SFR15          

        CLASS   SFR16          

        CLASS   SFR17          

        CLASS   SFR18          

        CLASS   SFR19          

        CLASS   SFR20          

        CLASS   SFR21          

        CLASS   SFR22          

        CLASS   SFR23          

        CLASS   SFR24          

        CLASS   SFR25          

        CLASS   SFR26          

        CLASS   SFR27          

        CLASS   SFR28          

        CLASS   SFR29          

        CLASS   SFR30          

        CLASS   SFR31          

        CLASS   CONFIG         
                config                             8007     8007        2         0

        CLASS   IDLOC          

        CLASS   EEDATA         

        CLASS   BANK31         

        CLASS   BANK30         

        CLASS   BANK29         

        CLASS   BANK28         

        CLASS   BANK27         

        CLASS   BANK26         

        CLASS   BANK25         

        CLASS   BANK24         

        CLASS   BANK23         

        CLASS   BANK22         

        CLASS   BANK21         

        CLASS   BANK20         

        CLASS   BANK19         

        CLASS   BANK18         

        CLASS   BANK17         

        CLASS   BANK16         

        CLASS   BANK15         

        CLASS   BANK14         

        CLASS   BANK13         

        CLASS   BANK12         

        CLASS   BANK11         

        CLASS   BANK10         

        CLASS   BANK9          

        CLASS   BANK8          

        CLASS   BANK7          

        CLASS   BANK6          

        CLASS   BANK5          



SEGMENTS        Name                           Load    Length   Top    Selector   Space  Class     Delta

                reset_vec                      000000  000002  000002         0       0  CODE        2
                text36                         000003  000001  000004         6       0  CODE        2
                intentry                       000004  0007C1  0007C5         8       0  CODE        2
                cstackBANK0                    000020  00003E  00005E        20       1  BANK0       1
                cstackCOMMON                   000070  00000A  00007A        70       1  COMMON      1
                bssBANK1                       0000A0  00004D  0000ED        A0       1  BANK1       1
                cstackBANK2                    000120  000016  000136       120       1  BANK2       1
                stringtext                     0007C5  000054  000819       F8A       0  STRCODE     2
                text18                         000933  000003  000936      1266       0  CODE        2
                text37                         000936  000006  00093C      126C       0  CODE        2
                text31                         00093C  000006  000942      1278       0  CODE        2
                text20                         000942  000006  000948      1284       0  CODE        2
                clrtext                        000948  000006  00094E      1290       0  CODE        2
                text22                         00094E  000008  000956      129C       0  CODE        2
                text17                         000956  00000A  000960      12AC       0  CODE        2
                text35                         000960  00000B  00096B      12C0       0  CODE        2
                text39                         00096B  00000C  000977      12D6       0  CODE        2
                text13                         000977  00000C  000983      12EE       0  CODE        2
                text7                          000983  00000C  00098F      1306       0  CODE        2
                text6                          00098F  00000D  00099C      131E       0  CODE        2
                text24                         00099C  00000E  0009AA      1338       0  CODE        2
                text16                         0009AA  000012  0009BC      1354       0  CODE        2
                text15                         0009BC  000013  0009CF      1378       0  CODE        2
                text19                         0009CF  000015  0009E4      139E       0  CODE        2
                text34                         0009E4  000016  0009FA      13C8       0  CODE        2
                text21                         0009FA  000017  000A11      13F4       0  CODE        2
                text42                         000A11  00001B  000A2C      1422       0  CODE        2
                text23                         000A2C  00001B  000A47      1458       0  CODE        2
                text27                         000A47  00001C  000A63      148E       0  CODE        2
                text8                          000A63  00001C  000A7F      14C6       0  CODE        2
                text41                         000A7F  00001D  000A9C      14FE       0  CODE        2
                text30                         000A9C  00001D  000AB9      1538       0  CODE        2
                text28                         000AB9  00001D  000AD6      1572       0  CODE        2
                text5                          000AD6  00001D  000AF3      15AC       0  CODE        2
                text2                          000AF3  000021  000B14      15E6       0  CODE        2
                text32                         000B14  000023  000B37      1628       0  CODE        2
                text40                         000B37  000026  000B5D      166E       0  CODE        2
                text10                         000B5D  000030  000B8D      16BA       0  CODE        2
                text4                          000B8D  000040  000BCD      171A       0  CODE        2
                text29                         000BCD  000045  000C12      179A       0  CODE        2
                text12                         000C12  00004F  000C61      1824       0  CODE        2
                text38                         000C61  00005E  000CBF      18C2       0  CODE        2
                text1                          000CBF  000068  000D27      197E       0  CODE        2
                text14                         000D27  00006B  000D92      1A4E       0  CODE        2
                text11                         000D92  00006F  000E01      1B24       0  CODE        2
                text3                          000E01  0001FF  001000      1C02       0  CODE        2
                config                         008007  000002  008009     1000E       0  CONFIG      2


UNUSED ADDRESS RANGES

        Name                Unused          Largest block    Delta
        BANK0            0005E-0006F              12           1
        BANK1            000ED-000EF               3           1
        BANK2            00136-0016F              3A           1
        BANK3            001A0-001EF              50           1
        BANK4            00220-0024F              30           1
        BIGRAM           02000-0216F             170           1
        CODE             00002-00002               1           2
                         00819-00932             11A
        COMMON           0007A-0007D               4           1
        CONST            00002-00002               1           2
                         00819-00932              E7
        EEDATA           0F000-0F0FF             100           2
        ENTRY            00002-00002               1           2
                         00819-00932              E7
        IDLOC            08000-08003               4           2
        RAM              0005E-0006F              12           1
                         000ED-000EF               3
                         00136-0016F              3A
                         001A0-001EF              50
                         00220-0024F              30
        SFR0             00000-0001F              20           1
        SFR1             00080-0009F              20           1
        SFR10            00500-0056F              70           1
        SFR11            00580-005EF              70           1
        SFR12            00600-0066F              70           1
        SFR13            00680-006EF              70           1
        SFR14            00700-0076F              70           1
        SFR15            00780-007EF              70           1
        SFR16            00800-0086F              70           1
        SFR17            00880-008EF              70           1
        SFR18            00900-0096F              70           1
        SFR19            00980-009EF              70           1
        SFR2             00100-0011F              20           1
        SFR20            00A00-00A6F              70           1
        SFR21            00A80-00AEF              70           1
        SFR22            00B00-00B6F              70           1
        SFR23            00B80-00BEF              70           1
        SFR24            00C00-00C6F              70           1
        SFR25            00C80-00CEF              70           1
        SFR26            00D00-00D6F              70           1
        SFR27            00D80-00DEF              70           1
        SFR28            00E00-00E6F              70           1
        SFR29            00E80-00EEF              70           1
        SFR3             00180-0019F              20           1
        SFR30            00F00-00F6F              70           1
        SFR31            00F80-00FEF              70           1
        SFR4             00200-0021F              20           1
        SFR5             00280-002EF              70           1
        SFR6             00300-0036F              70           1
        SFR7             00380-003EF              70           1
        SFR8             00400-0046F              70           1
        SFR9             00480-004EF              70           1
        STACK            020B6-0216F              BA           1
        STRCODE          00002-00002               1           2
                         00819-00932             11A
        STRING           00002-00002               1           2
                         00819-00932              E7

                                  Symbol Table

?___lmul                                  cstackBANK0  00020
?___wmul                                  cstackBANK0  00020
?_convert_to_fp                           cstackBANK0  00024
?_crc_update                              cstackBANK0  00020
?_integer_part                            cstackBANK0  00039
?_multiply_fp                             cstackBANK0  0002C
?_printf                                  cstackBANK0  00021
DATAEE_ReadByte@bAdd                      cstackCOMMON 00074
DATAEE_WriteByte@GIEBitValue              cstackBANK0  00021
DATAEE_WriteByte@bAdd                     cstackBANK0  00020
DATAEE_WriteByte@bData                    cstackCOMMON 00074
EPWM1_LoadDutyValue@dutyValue             cstackCOMMON 00074
EUSART_Read@readValue                     cstackCOMMON 00075
EUSART_Write@txData                       cstackCOMMON 00075
GPS_Initialize@__delay_tmp                cstackBANK0  0002B
GPS_read_speed@before_dot                 cstackBANK0  0003B
GPS_read_speed@buffer                     cstackBANK0  00043
GPS_read_speed@checksum                   cstackBANK0  00042
GPS_read_speed@checksum2                  cstackBANK0  00041
GPS_read_speed@i_buff                     cstackBANK0  0004A
GPS_read_speed@i_buff2                    cstackBANK0  00049
GPS_read_speed@m_char                     cstackBANK0  0004B
GPS_read_speed@no_more_checksum           cstackBANK0  0003C
GPS_read_speed@read_speed_fra             cstackBANK0  0003F
GPS_read_speed@read_speed_int             cstackBANK0  0003D
LED_set_state@new_state                   cstackCOMMON 00075
TMR0_ISR@CountCallBack                    bssBANK1     000B4
TMR0_SetInterruptHandler@InterruptHandler cstackCOMMON 00074
_ANSELA                                   (abs)        0018C
_ANSELB                                   (abs)        0018D
_APFCON0                                  (abs)        0011D
_APFCON1                                  (abs)        0011E
_BAUDCON                                  (abs)        0019F
_CCP1CON                                  (abs)        00293
_CCPR1H                                   (abs)        00292
_CCPR1L                                   (abs)        00291
_CCPTMRS0bits                             (abs)        0029E
_DATAEE_ReadByte                          text13       00977
_DATAEE_WriteByte                         text2        00AF3
_ECCP1AS                                  (abs)        00295
_EEADRH                                   (abs)        00192
_EEADRL                                   (abs)        00191
_EECON1bits                               (abs)        00195
_EECON2                                   (abs)        00196
_EEDATH                                   (abs)        00194
_EEDATL                                   (abs)        00193
_EPWM1_Initialize                         text24       0099C
_EPWM1_LoadDutyValue                      text8        00A63
_EUSART_Initialize                        text23       00A2C
_EUSART_Read                              text28       00AB9
_EUSART_Receive_ISR                       text42       00A11
_EUSART_Transmit_ISR                      text41       00A7F
_EUSART_Write                             text32       00B14
_GPS_Initialize                           text29       00BCD
_GPS_read_speed                           text25       003CE
_INTCONbits                               (abs)        0000B
_INTERRUPT_InterruptManager               intentry     00004
_LATA                                     (abs)        0010C
_LATA2                                    (abs)        00862
_LATB                                     (abs)        0010D
_LED_set_state                            text5        00AD6
_LED_update_loop                          text40       00B37
_OPTION_REG                               (abs)        00095
_OPTION_REGbits                           (abs)        00095
_OSCCON                                   (abs)        00099
_OSCILLATOR_Initialize                    text22       0094E
_OSCSTAT                                  (abs)        0009A
_OSCTUNE                                  (abs)        00098
_PIE1bits                                 (abs)        00091
_PIN_MANAGER_Initialize                   text21       009FA
_PIR1bits                                 (abs)        00011
_PLLR                                     (abs)        004D6
_PORTBbits                                (abs)        0000D
_PR2                                      (abs)        0001B
_PSTR1CON                                 (abs)        00296
_PWM1CON                                  (abs)        00294
_RCREG                                    (abs)        00199
_RCSTA                                    (abs)        0019D
_RCSTAbits                                (abs)        0019D
_SPBRGH                                   (abs)        0019C
_SPBRGL                                   (abs)        0019B
_SYSTEM_Initialize                        text16       009AA
_T2CON                                    (abs)        0001C
_T2CONbits                                (abs)        0001C
_TMR0                                     (abs)        00015
_TMR0_CallBack                            text35       00960
_TMR0_DefaultInterruptHandler             text36       00003
_TMR0_ISR                                 text34       009E4
_TMR0_Initialize                          text19       009CF
_TMR0_InterruptHandler                    bssBANK1     000B6
_TMR0_SetInterruptHandler                 text20       00942
_TMR2                                     (abs)        0001A
_TMR2_Initialize                          text17       00956
_TMR2_StartTimer                          text18       00933
_TRISA                                    (abs)        0008C
_TRISB                                    (abs)        0008D
_TXREG                                    (abs)        0019A
_TXSTA                                    (abs)        0019E
_WPUA                                     (abs)        0020C
_WPUB                                     (abs)        0020D
__CFG_BOREN$ON                            (abs)        00000
__CFG_BORV$LO                             (abs)        00000
__CFG_CLKOUTEN$OFF                        (abs)        00000
__CFG_CP$OFF                              (abs)        00000
__CFG_CPD$OFF                             (abs)        00000
__CFG_FCMEN$ON                            (abs)        00000
__CFG_FOSC$INTOSC                         (abs)        00000
__CFG_IESO$ON                             (abs)        00000
__CFG_LVP$OFF                             (abs)        00000
__CFG_MCLRE$ON                            (abs)        00000
__CFG_PLLEN$ON                            (abs)        00000
__CFG_PWRTE$OFF                           (abs)        00000
__CFG_STVREN$ON                           (abs)        00000
__CFG_WDTE$OFF                            (abs)        00000
__CFG_WRT$OFF                             (abs)        00000
__Habs1                                   abs1         00000
__Hbank0                                  bank0        00000
__Hbank1                                  bank1        00000
__Hbank10                                 bank10       00000
__Hbank11                                 bank11       00000
__Hbank12                                 bank12       00000
__Hbank13                                 bank13       00000
__Hbank14                                 bank14       00000
__Hbank15                                 bank15       00000
__Hbank16                                 bank16       00000
__Hbank17                                 bank17       00000
__Hbank18                                 bank18       00000
__Hbank19                                 bank19       00000
__Hbank2                                  bank2        00000
__Hbank20                                 bank20       00000
__Hbank21                                 bank21       00000
__Hbank22                                 bank22       00000
__Hbank23                                 bank23       00000
__Hbank24                                 bank24       00000
__Hbank25                                 bank25       00000
__Hbank26                                 bank26       00000
__Hbank27                                 bank27       00000
__Hbank28                                 bank28       00000
__Hbank29                                 bank29       00000
__Hbank3                                  bank3        00000
__Hbank30                                 bank30       00000
__Hbank31                                 bank31       00000
__Hbank4                                  bank4        00000
__Hbank5                                  bank5        00000
__Hbank6                                  bank6        00000
__Hbank7                                  bank7        00000
__Hbank8                                  bank8        00000
__Hbank9                                  bank9        00000
__Hbigram                                 bigram       00000
__HbssBANK0                               bssBANK0     00000
__HbssBANK1                               bssBANK1     00000
__HbssCOMMON                              bssCOMMON    00000
__Hcinit                                  cinit        00042
__Hclrtext                                clrtext      00000
__Hcode                                   code         00000
__Hcommon                                 common       00000
__Hconfig                                 config       08009
__HcstackBANK0                            cstackBANK0  00000
__HcstackBANK2                            cstackBANK2  00000
__HcstackCOMMON                           cstackCOMMON 00000
__Heeprom_data                            eeprom_data  00000
__Hend_init                               end_init     0002B
__Hfunctab                                functab      00000
__Hidloc                                  idloc        00000
__Hinit                                   init         00029
__Hintentry                               intentry     00029
__Hmaintext                               maintext     00000
__Hpowerup                                powerup      00000
__Hram                                    ram          00000
__Hreset_vec                              reset_vec    00002
__Hsfr0                                   sfr0         00000
__Hsfr1                                   sfr1         00000
__Hsfr10                                  sfr10        00000
__Hsfr11                                  sfr11        00000
__Hsfr12                                  sfr12        00000
__Hsfr13                                  sfr13        00000
__Hsfr14                                  sfr14        00000
__Hsfr15                                  sfr15        00000
__Hsfr16                                  sfr16        00000
__Hsfr17                                  sfr17        00000
__Hsfr18                                  sfr18        00000
__Hsfr19                                  sfr19        00000
__Hsfr2                                   sfr2         00000
__Hsfr20                                  sfr20        00000
__Hsfr21                                  sfr21        00000
__Hsfr22                                  sfr22        00000
__Hsfr23                                  sfr23        00000
__Hsfr24                                  sfr24        00000
__Hsfr25                                  sfr25        00000
__Hsfr26                                  sfr26        00000
__Hsfr27                                  sfr27        00000
__Hsfr28                                  sfr28        00000
__Hsfr29                                  sfr29        00000
__Hsfr3                                   sfr3         00000
__Hsfr30                                  sfr30        00000
__Hsfr31                                  sfr31        00000
__Hsfr4                                   sfr4         00000
__Hsfr5                                   sfr5         00000
__Hsfr6                                   sfr6         00000
__Hsfr7                                   sfr7         00000
__Hsfr8                                   sfr8         00000
__Hsfr9                                   sfr9         00000
__Hspace_0                                (abs)        08009
__Hspace_1                                (abs)        00136
__Hspace_2                                (abs)        00000
__Hspace_3                                (abs)        00000
__Hstack                                  stack        00000
__Hstrings                                strings      00000
__Hstringtext                             stringtext   00000
__Htext                                   text         00000
__Labs1                                   abs1         00000
__Lbank0                                  bank0        00000
__Lbank1                                  bank1        00000
__Lbank10                                 bank10       00000
__Lbank11                                 bank11       00000
__Lbank12                                 bank12       00000
__Lbank13                                 bank13       00000
__Lbank14                                 bank14       00000
__Lbank15                                 bank15       00000
__Lbank16                                 bank16       00000
__Lbank17                                 bank17       00000
__Lbank18                                 bank18       00000
__Lbank19                                 bank19       00000
__Lbank2                                  bank2        00000
__Lbank20                                 bank20       00000
__Lbank21                                 bank21       00000
__Lbank22                                 bank22       00000
__Lbank23                                 bank23       00000
__Lbank24                                 bank24       00000
__Lbank25                                 bank25       00000
__Lbank26                                 bank26       00000
__Lbank27                                 bank27       00000
__Lbank28                                 bank28       00000
__Lbank29                                 bank29       00000
__Lbank3                                  bank3        00000
__Lbank30                                 bank30       00000
__Lbank31                                 bank31       00000
__Lbank4                                  bank4        00000
__Lbank5                                  bank5        00000
__Lbank6                                  bank6        00000
__Lbank7                                  bank7        00000
__Lbank8                                  bank8        00000
__Lbank9                                  bank9        00000
__Lbigram                                 bigram       00000
__LbssBANK0                               bssBANK0     00000
__LbssBANK1                               bssBANK1     00000
__LbssCOMMON                              bssCOMMON    00000
__Lcinit                                  cinit        0002B
__Lclrtext                                clrtext      00000
__Lcode                                   code         00000
__Lcommon                                 common       00000
__Lconfig                                 config       08007
__LcstackBANK0                            cstackBANK0  00000
__LcstackBANK2                            cstackBANK2  00000
__LcstackCOMMON                           cstackCOMMON 00000
__Leeprom_data                            eeprom_data  00000
__Lend_init                               end_init     00029
__Lfunctab                                functab      00000
__Lidloc                                  idloc        00000
__Linit                                   init         00029
__Lintentry                               intentry     00004
__Lmaintext                               maintext     00000
__Lpowerup                                powerup      00000
__Lram                                    ram          00000
__Lreset_vec                              reset_vec    00000
__Lsfr0                                   sfr0         00000
__Lsfr1                                   sfr1         00000
__Lsfr10                                  sfr10        00000
__Lsfr11                                  sfr11        00000
__Lsfr12                                  sfr12        00000
__Lsfr13                                  sfr13        00000
__Lsfr14                                  sfr14        00000
__Lsfr15                                  sfr15        00000
__Lsfr16                                  sfr16        00000
__Lsfr17                                  sfr17        00000
__Lsfr18                                  sfr18        00000
__Lsfr19                                  sfr19        00000
__Lsfr2                                   sfr2         00000
__Lsfr20                                  sfr20        00000
__Lsfr21                                  sfr21        00000
__Lsfr22                                  sfr22        00000
__Lsfr23                                  sfr23        00000
__Lsfr24                                  sfr24        00000
__Lsfr25                                  sfr25        00000
__Lsfr26                                  sfr26        00000
__Lsfr27                                  sfr27        00000
__Lsfr28                                  sfr28        00000
__Lsfr29                                  sfr29        00000
__Lsfr3                                   sfr3         00000
__Lsfr30                                  sfr30        00000
__Lsfr31                                  sfr31        00000
__Lsfr4                                   sfr4         00000
__Lsfr5                                   sfr5         00000
__Lsfr6                                   sfr6         00000
__Lsfr7                                   sfr7         00000
__Lsfr8                                   sfr8         00000
__Lsfr9                                   sfr9         00000
__Lspace_0                                (abs)        00000
__Lspace_1                                (abs)        00000
__Lspace_2                                (abs)        00000
__Lspace_3                                (abs)        00000
__Lstack                                  stack        00000
__Lstrings                                strings      00000
__Lstringtext                             stringtext   00000
__Ltext                                   text         00000
__S0                                      (abs)        08009
__S1                                      (abs)        00136
__S2                                      (abs)        00000
__S3                                      (abs)        00000
___int_sp                                 stack        00000
___latbits                                (abs)        00001
___lmul                                   text10       00B5D
___lmul@multiplicand                      cstackBANK0  00024
___lmul@multiplier                        cstackBANK0  00020
___lmul@product                           cstackBANK0  00028
___sp                                     stack        00000
___wmul                                   text27       00A47
___wmul@multiplicand                      cstackBANK0  00022
___wmul@multiplier                        cstackBANK0  00020
___wmul@product                           cstackCOMMON 00074
__end_of_DATAEE_ReadByte                  text13       00983
__end_of_DATAEE_WriteByte                 text2        00B14
__end_of_EPWM1_Initialize                 text24       009AA
__end_of_EPWM1_LoadDutyValue              text8        00A7F
__end_of_EUSART_Initialize                text23       00A47
__end_of_EUSART_Read                      text28       00AD6
__end_of_EUSART_Receive_ISR               text42       00A2C
__end_of_EUSART_Transmit_ISR              text41       00A9C
__end_of_EUSART_Write                     text32       00B37
__end_of_GPS_Initialize                   text29       00C12
__end_of_GPS_read_speed                   text25       00623
__end_of_INTERRUPT_InterruptManager       intentry     00029
__end_of_LED_set_state                    text5        00AF3
__end_of_LED_update_loop                  text40       00B5D
__end_of_OSCILLATOR_Initialize            text22       00956
__end_of_PIN_MANAGER_Initialize           text21       00A11
__end_of_SYSTEM_Initialize                text16       009BC
__end_of_TMR0_CallBack                    text35       0096B
__end_of_TMR0_DefaultInterruptHandler     text36       00004
__end_of_TMR0_ISR                         text34       009FA
__end_of_TMR0_Initialize                  text19       009E4
__end_of_TMR0_SetInterruptHandler         text20       00948
__end_of_TMR2_Initialize                  text17       00960
__end_of_TMR2_StartTimer                  text18       00936
__end_of___lmul                           text10       00B8D
__end_of___wmul                           text27       00A63
__end_of__initialization                  cinit        0003E
__end_of_button_init                      text6        0099C
__end_of_button_update_loop               text38       00CBF
__end_of_convert_to_fp                    text26       007C5
__end_of_crc_update                       text12       00C61
__end_of_delay_ms                         text15       009CF
__end_of_fp_x0_a                          stringtext   007C9
__end_of_fp_x0_b                          stringtext   007CD
__end_of_get_button_state                 text7        0098F
__end_of_integer_part                     text14       00D92
__end_of_load_calibration_from_EEPROM     text11       00E01
__end_of_main                             maintext     003CE
__end_of_multiple_fast_blink              text4        00BCD
__end_of_multiply_fp                      text9        0071C
__end_of_my10msTimerISR                   text37       0093C
__end_of_perform_calibration              text3        01000
__end_of_printf                           text30       00AB9
__end_of_putch                            text31       00942
__end_of_ratio_mph                        stringtext   007D1
__end_of_write_calibration_to_EEPROM      text1        00D27
__end_ofconvert_to_fp@one                 stringtext   007D3
__end_ofi1_get_button_state               text39       00977
__initialization                          cinit        0002B
__pbssBANK0                               bssBANK0     00054
__pbssBANK1                               bssBANK1     000A0
__pbssCOMMON                              bssCOMMON    00076
__pcstackBANK0                            cstackBANK0  00020
__pcstackBANK2                            cstackBANK2  00120
__pcstackCOMMON                           cstackCOMMON 00070
__pintentry                               intentry     00004
__pmaintext                               maintext     00042
__pstringtext                             stringtext   007C5
__ptext1                                  text1        00CBF
__ptext10                                 text10       00B5D
__ptext11                                 text11       00D92
__ptext12                                 text12       00C12
__ptext13                                 text13       00977
__ptext14                                 text14       00D27
__ptext15                                 text15       009BC
__ptext16                                 text16       009AA
__ptext17                                 text17       00956
__ptext18                                 text18       00933
__ptext19                                 text19       009CF
__ptext2                                  text2        00AF3
__ptext20                                 text20       00942
__ptext21                                 text21       009FA
__ptext22                                 text22       0094E
__ptext23                                 text23       00A2C
__ptext24                                 text24       0099C
__ptext25                                 text25       003CE
__ptext26                                 text26       0071C
__ptext27                                 text27       00A47
__ptext28                                 text28       00AB9
__ptext29                                 text29       00BCD
__ptext3                                  text3        00E01
__ptext30                                 text30       00A9C
__ptext31                                 text31       0093C
__ptext32                                 text32       00B14
__ptext34                                 text34       009E4
__ptext35                                 text35       00960
__ptext36                                 text36       00003
__ptext37                                 text37       00936
__ptext38                                 text38       00C61
__ptext39                                 text39       0096B
__ptext4                                  text4        00B8D
__ptext40                                 text40       00B37
__ptext41                                 text41       00A7F
__ptext42                                 text42       00A11
__ptext5                                  text5        00AD6
__ptext6                                  text6        0098F
__ptext7                                  text7        00983
__ptext8                                  text8        00A63
__ptext9                                  text9        00623
__size_of_DATAEE_ReadByte                 (abs)        00000
__size_of_DATAEE_WriteByte                (abs)        00000
__size_of_EPWM1_Initialize                (abs)        00000
__size_of_EPWM1_LoadDutyValue             (abs)        00000
__size_of_EUSART_Initialize               (abs)        00000
__size_of_EUSART_Read                     (abs)        00000
__size_of_EUSART_Receive_ISR              (abs)        00000
__size_of_EUSART_Transmit_ISR             (abs)        00000
__size_of_EUSART_Write                    (abs)        00000
__size_of_GPS_Initialize                  (abs)        00000
__size_of_GPS_read_speed                  (abs)        00000
__size_of_INTERRUPT_InterruptManager      (abs)        00000
__size_of_LED_set_state                   (abs)        00000
__size_of_LED_update_loop                 (abs)        00000
__size_of_OSCILLATOR_Initialize           (abs)        00000
__size_of_PIN_MANAGER_Initialize          (abs)        00000
__size_of_SYSTEM_Initialize               (abs)        00000
__size_of_TMR0_CallBack                   (abs)        00000
__size_of_TMR0_DefaultInterruptHandler    (abs)        00000
__size_of_TMR0_ISR                        (abs)        00000
__size_of_TMR0_Initialize                 (abs)        00000
__size_of_TMR0_SetInterruptHandler        (abs)        00000
__size_of_TMR2_Initialize                 (abs)        00000
__size_of_TMR2_StartTimer                 (abs)        00000
__size_of___lmul                          (abs)        00000
__size_of___wmul                          (abs)        00000
__size_of_button_init                     (abs)        00000
__size_of_button_update_loop              (abs)        00000
__size_of_convert_to_fp                   (abs)        00000
__size_of_crc_update                      (abs)        00000
__size_of_delay_ms                        (abs)        00000
__size_of_get_button_state                (abs)        00000
__size_of_integer_part                    (abs)        00000
__size_of_load_calibration_from_EEPROM    (abs)        00000
__size_of_main                            (abs)        00000
__size_of_multiple_fast_blink             (abs)        00000
__size_of_multiply_fp                     (abs)        00000
__size_of_my10msTimerISR                  (abs)        00000
__size_of_perform_calibration             (abs)        00000
__size_of_printf                          (abs)        00000
__size_of_putch                           (abs)        00000
__size_of_write_calibration_to_EEPROM     (abs)        00000
__size_ofi1_get_button_state              (abs)        00000
_button_init                              text6        0098F
_button_update_loop                       text38       00C61
_convert_to_fp                            text26       0071C
_crc_update                               text12       00C12
_delay_ms                                 text15       009BC
_eusartRxBuffer                           bssBANK1     000A0
_eusartRxCount                            bssCOMMON    00078
_eusartRxHead                             bssBANK1     000BA
_eusartRxTail                             bssBANK1     000BB
_eusartTxBuffer                           bssBANK1     000A8
_eusartTxBufferRemaining                  bssBANK0     0005B
_eusartTxHead                             bssBANK0     0005C
_eusartTxTail                             bssBANK0     0005D
_fp_x0_a                                  stringtext   007C5
_fp_x0_b                                  stringtext   007C9
_get_button_state                         text7        00983
_integer_part                             text14       00D27
_load_calibration_from_EEPROM             text11       00D92
_m_LED                                    bssCOMMON    00076
_m_button                                 bssBANK0     00054
_m_conf                                   bssBANK1     000BC
_m_crc                                    bssBANK1     000EB
_main                                     maintext     00042
_motor                                    bssBANK1     000B8
_multiple_fast_blink                      text4        00B8D
_multiply_fp                              text9        00623
_my10msTimerISR                           text37       00936
_perform_calibration                      text3        00E01
_printf                                   text30       00A9C
_putch                                    text31       0093C
_ratio_mph                                stringtext   007CD
_speed                                    bssBANK1     000B0
_timer0ReloadVal                          bssCOMMON    00079
_write_calibration_to_EEPROM              text1        00CBF
btemp                                     (abs)        0007E
button_update_loop@current_state          cstackCOMMON 00072
clear_ram0                                clrtext      00948
convert_to_fp@fract_part                  cstackBANK0  00026
convert_to_fp@i_bit                       cstackBANK0  00032
convert_to_fp@int_part                    cstackBANK0  00024
convert_to_fp@one                         stringtext   007D1
convert_to_fp@res                         cstackBANK0  00035
convert_to_fp@res_fract                   cstackBANK0  00030
convert_to_fp@tmp_left                    cstackBANK0  00033
crc_update@crc                            cstackBANK0  0002D
crc_update@data                           cstackBANK0  00022
crc_update@old_crc                        cstackBANK0  00020
crc_update@x                              cstackBANK0  0002F
delay_ms@milliseconds                     cstackCOMMON 00074
end_of_initialization                     cinit        0003E
get_button_state@state                    cstackCOMMON 00074
i1_get_button_state                       text39       0096B
i1get_button_state@state                  cstackCOMMON 00070
int$flags                                 (abs)        0007E
integer_part@and_a_half                   cstackBANK0  00042
integer_part@int_part                     cstackBANK0  00047
integer_part@n                            cstackBANK0  00039
integer_part@neg                          cstackBANK0  00046
intlevel0                                 functab      00000
intlevel1                                 functab      00000
intlevel2                                 functab      00000
intlevel3                                 functab      00000
intlevel4                                 functab      00000
intlevel5                                 functab      00000
load_calibration_from_EEPROM@addr         cstackBANK0  00033
load_calibration_from_EEPROM@crc          cstackBANK0  00031
load_calibration_from_EEPROM@i            cstackBANK0  00035
load_calibration_from_EEPROM@p            cstackBANK0  00034
ltemp                                     (abs)        0007E
ltemp0                                    (abs)        0007E
ltemp1                                    (abs)        00082
ltemp2                                    (abs)        00086
ltemp3                                    (abs)        00080
main@a                                    cstackBANK2  0012B
main@b                                    cstackBANK2  0012F
main@done                                 cstackBANK2  00124
main@fp_motor                             cstackBANK2  00120
main@i                                    cstackBANK2  00135
main@new_motor                            cstackBANK2  00133
main@speed_int                            cstackBANK2  00125
main@tmp                                  cstackBANK2  00127
multiple_fast_blink@i                     cstackBANK0  00024
multiple_fast_blink@times                 cstackBANK0  00023
multiply_fp@n1                            cstackBANK0  0002C
multiply_fp@n2                            cstackBANK0  00030
multiply_fp@res                           cstackBANK0  00042
perform_calibration@__delay_tmp           cstackBANK0  0002A
perform_calibration@__delay_tmp_906       cstackBANK0  0002B
perform_calibration@__delay_tmp_909       cstackBANK0  0002C
perform_calibration@__delay_tmp_910       cstackBANK0  0002D
perform_calibration@__delay_tmp_912       cstackBANK0  0002E
perform_calibration@__delay_tmp_913       cstackBANK0  0002F
perform_calibration@done                  cstackBANK0  00028
perform_calibration@i                     cstackBANK0  00030
perform_calibration@m_motor               cstackBANK0  00031
perform_calibration@replay                cstackBANK0  00029
printf@ap                                 cstackBANK0  00026
printf@c                                  cstackBANK0  00027
printf@f                                  cstackBANK0  00021
putch@txData                              cstackBANK0  00020
reset_vec                                 reset_vec    00000
stackhi                                   (abs)        0216F
stacklo                                   (abs)        020B6
start                                     init         00029
start_initialization                      cinit        0002B
ttemp                                     (abs)        0007E
ttemp0                                    (abs)        0007E
ttemp1                                    (abs)        00081
ttemp2                                    (abs)        00084
ttemp3                                    (abs)        00087
ttemp4                                    (abs)        0007F
write_calibration_to_EEPROM@addr          cstackBANK0  00031
write_calibration_to_EEPROM@i             cstackBANK0  00033
write_calibration_to_EEPROM@p             cstackBANK0  00032
wtemp                                     (abs)        0007E
wtemp0                                    (abs)        0007E
wtemp1                                    (abs)        00080
wtemp2                                    (abs)        00082
wtemp3                                    (abs)        00084
wtemp4                                    (abs)        00086
wtemp5                                    (abs)        00088
wtemp6                                    (abs)        0007F


FUNCTION INFORMATION:

 *************** function _main *****************
 Defined at:
		line 70 in file "main.c"
 Parameters:    Size  Location     Type
		None
 Auto vars:     Size  Location     Type
  b               4   15[BANK2 ] long 
  a               4   11[BANK2 ] long 
  tmp             4    7[BANK2 ] long 
  fp_motor        4    0[BANK2 ] long 
  new_motor       2   19[BANK2 ] unsigned short 
  speed_int       2    5[BANK2 ] unsigned short 
  i               1   21[BANK2 ] unsigned char 
  done            1    4[BANK2 ] unsigned char 
 Return value:  Size  Location     Type
                  1    wreg      void 
 Registers used:
		wreg, fsr0l, fsr0h, fsr1l, fsr1h, status,2, status,0, pclath, cstack
 Tracked objects:
		On entry : 
		On exit  : 
		Unchanged: 
 Data sizes:     COMMON   BANK0   BANK1   BANK2   BANK3   BANK4
      Params:         0       0       0       0       0       0
      Locals:         0       0       0      22       0       0
      Temps:          0       8       0       0       0       0
      Totals:         0       8       0      22       0       0
Total ram usage:       30 bytes
 Hardware stack levels required when called:   10
 This function calls:
		_EPWM1_LoadDutyValue
		_GPS_Initialize
		_GPS_read_speed
		_LED_set_state
		_SYSTEM_Initialize
		_TMR0_SetInterruptHandler
		_TMR2_StartTimer
		___wmul
		_button_init
		_convert_to_fp
		_delay_ms
		_integer_part
		_load_calibration_from_EEPROM
		_multiply_fp
		_perform_calibration
		_write_calibration_to_EEPROM
 This function is called by:
		Startup code after reset
 This function uses a non-reentrant model


 *************** function _write_calibration_to_EEPROM *****************
 Defined at:
		line 42 in file "calibration.c"
 Parameters:    Size  Location     Type
		None
 Auto vars:     Size  Location     Type
  i               1   19[BANK0 ] unsigned char 
  p               1   18[BANK0 ] PTR unsigned char 
		 -> m_crc(2), m_conf(47), 
  addr            1   17[BANK0 ] unsigned char 
 Return value:  Size  Location     Type
                  1    wreg      void 
 Registers used:
		wreg, fsr1l, fsr1h, status,2, status,0, pclath, cstack
 Tracked objects:
		On entry : 
		On exit  : 
		Unchanged: 
 Data sizes:     COMMON   BANK0   BANK1   BANK2   BANK3   BANK4
      Params:         0       0       0       0       0       0
      Locals:         0       3       0       0       0       0
      Temps:          1       0       0       0       0       0
      Totals:         1       3       0       0       0       0
Total ram usage:        4 bytes
 Hardware stack levels used:    1
 Hardware stack levels required when called:    7
 This function calls:
		_DATAEE_WriteByte
		_crc_update
 This function is called by:
		_main
 This function uses a non-reentrant model


 *************** function _DATAEE_WriteByte *****************
 Defined at:
		line 180 in file "mcc_generated_files/memory.c"
 Parameters:    Size  Location     Type
  bAdd            1    wreg     unsigned char 
  bData           1    4[COMMON] unsigned char 
 Auto vars:     Size  Location     Type
  bAdd            1    0[BANK0 ] unsigned char 
  GIEBitValue     1    1[BANK0 ] unsigned char 
 Return value:  Size  Location     Type
                  1    wreg      void 
 Registers used:
		wreg, status,2, status,0
 Tracked objects:
		On entry : 
		On exit  : 
		Unchanged: 
 Data sizes:     COMMON   BANK0   BANK1   BANK2   BANK3   BANK4
      Params:         1       0       0       0       0       0
      Locals:         0       2       0       0       0       0
      Temps:          0       0       0       0       0       0
      Totals:         1       2       0       0       0       0
Total ram usage:        3 bytes
 Hardware stack levels used:    1
 Hardware stack levels required when called:    6
 This function calls:
		Nothing
 This function is called by:
		_write_calibration_to_EEPROM
 This function uses a non-reentrant model


 *************** function _perform_calibration *****************
 Defined at:
		line 58 in file "calibration.c"
 Parameters:    Size  Location     Type
		None
 Auto vars:     Size  Location     Type
  __delay_tmp     1   14[BANK0 ] unsigned char 
  __delay_tmp     1   12[BANK0 ] unsigned char 
  __delay_tmp     1   13[BANK0 ] unsigned char 
  __delay_tmp     1   15[BANK0 ] unsigned char 
  i               1   16[BANK0 ] unsigned char 
  replay          1    9[BANK0 ] unsigned char 
  __delay_tmp     1   11[BANK0 ] unsigned char 
  __delay_tmp     1   10[BANK0 ] unsigned char 
  m_motor         2   17[BANK0 ] unsigned short 
  done            1    8[BANK0 ] unsigned char 
 Return value:  Size  Location     Type
                  1    wreg      void 
 Registers used:
		wreg, fsr1l, fsr1h, status,2, status,0, pclath, cstack
 Tracked objects:
		On entry : 
		On exit  : 
		Unchanged: 
 Data sizes:     COMMON   BANK0   BANK1   BANK2   BANK3   BANK4
      Params:         0       0       0       0       0       0
      Locals:         0      11       0       0       0       0
      Temps:          0       3       0       0       0       0
      Totals:         0      14       0       0       0       0
Total ram usage:       14 bytes
 Hardware stack levels used:    1
 Hardware stack levels required when called:    8
 This function calls:
		_EPWM1_LoadDutyValue
		_LED_set_state
		_button_init
		_get_button_state
		_multiple_fast_blink
 This function is called by:
		_main
 This function uses a non-reentrant model


 *************** function _multiple_fast_blink *****************
 Defined at:
		line 14 in file "interact.c"
 Parameters:    Size  Location     Type
  times           1    wreg     unsigned char 
 Auto vars:     Size  Location     Type
  times           1    3[BANK0 ] unsigned char 
  i               1    4[BANK0 ] unsigned char 
 Return value:  Size  Location     Type
                  1    wreg      void 
 Registers used:
		wreg, status,2, status,0, pclath, cstack
 Tracked objects:
		On entry : 
		On exit  : 
		Unchanged: 
 Data sizes:     COMMON   BANK0   BANK1   BANK2   BANK3   BANK4
      Params:         0       0       0       0       0       0
      Locals:         0       2       0       0       0       0
      Temps:          0       3       0       0       0       0
      Totals:         0       5       0       0       0       0
Total ram usage:        5 bytes
 Hardware stack levels used:    1
 Hardware stack levels required when called:    7
 This function calls:
		_LED_set_state
 This function is called by:
		_perform_calibration
 This function uses a non-reentrant model


 *************** function _LED_set_state *****************
 Defined at:
		line 29 in file "interact.c"
 Parameters:    Size  Location     Type
  new_state       1    wreg     enum E2939
 Auto vars:     Size  Location     Type
  new_state       1    5[COMMON] enum E2939
 Return value:  Size  Location     Type
                  1    wreg      void 
 Registers used:
		wreg, status,2, status,0
 Tracked objects:
		On entry : 
		On exit  : 
		Unchanged: 
 Data sizes:     COMMON   BANK0   BANK1   BANK2   BANK3   BANK4
      Params:         0       0       0       0       0       0
      Locals:         1       0       0       0       0       0
      Temps:          1       0       0       0       0       0
      Totals:         2       0       0       0       0       0
Total ram usage:        2 bytes
 Hardware stack levels used:    1
 Hardware stack levels required when called:    6
 This function calls:
		Nothing
 This function is called by:
		_main
		_multiple_fast_blink
		_perform_calibration
 This function uses a non-reentrant model


 *************** function _button_init *****************
 Defined at:
		line 78 in file "interact.c"
 Parameters:    Size  Location     Type
		None
 Auto vars:     Size  Location     Type
		None
 Return value:  Size  Location     Type
                  1    wreg      void 
 Registers used:
		wreg, status,2, status,0, pclath, cstack
 Tracked objects:
		On entry : 
		On exit  : 
		Unchanged: 
 Data sizes:     COMMON   BANK0   BANK1   BANK2   BANK3   BANK4
      Params:         0       0       0       0       0       0
      Locals:         0       0       0       0       0       0
      Temps:          1       0       0       0       0       0
      Totals:         1       0       0       0       0       0
Total ram usage:        1 bytes
 Hardware stack levels used:    1
 Hardware stack levels required when called:    7
 This function calls:
		_get_button_state
 This function is called by:
		_main
		_perform_calibration
 This function uses a non-reentrant model


 *************** function _get_button_state *****************
 Defined at:
		line 69 in file "interact.c"
 Parameters:    Size  Location     Type
		None
 Auto vars:     Size  Location     Type
  state           1    4[COMMON] unsigned char 
 Return value:  Size  Location     Type
                  1    wreg      unsigned char 
 Registers used:
		wreg, status,2, status,0
 Tracked objects:
		On entry : 
		On exit  : 
		Unchanged: 
 Data sizes:     COMMON   BANK0   BANK1   BANK2   BANK3   BANK4
      Params:         0       0       0       0       0       0
      Locals:         1       0       0       0       0       0
      Temps:          0       0       0       0       0       0
      Totals:         1       0       0       0       0       0
Total ram usage:        1 bytes
 Hardware stack levels used:    1
 Hardware stack levels required when called:    6
 This function calls:
		Nothing
 This function is called by:
		_button_init
		_perform_calibration
 This function uses a non-reentrant model


 *************** function _EPWM1_LoadDutyValue *****************
 Defined at:
		line 90 in file "mcc_generated_files/epwm1.c"
 Parameters:    Size  Location     Type
  dutyValue       2    4[COMMON] unsigned int 
 Auto vars:     Size  Location     Type
		None
 Return value:  Size  Location     Type
                  1    wreg      void 
 Registers used:
		wreg, status,2, status,0
 Tracked objects:
		On entry : 
		On exit  : 
		Unchanged: 
 Data sizes:     COMMON   BANK0   BANK1   BANK2   BANK3   BANK4
      Params:         2       0       0       0       0       0
      Locals:         0       0       0       0       0       0
      Temps:          0       2       0       0       0       0
      Totals:         2       2       0       0       0       0
Total ram usage:        4 bytes
 Hardware stack levels used:    1
 Hardware stack levels required when called:    6
 This function calls:
		Nothing
 This function is called by:
		_main
		_perform_calibration
 This function uses a non-reentrant model


 *************** function _multiply_fp *****************
 Defined at:
		line 41 in file "fixed_point.c"
 Parameters:    Size  Location     Type
  n1              4   12[BANK0 ] long 
  n2              4   16[BANK0 ] long 
 Auto vars:     Size  Location     Type
  res             4   34[BANK0 ] long 
 Return value:  Size  Location     Type
                  4   12[BANK0 ] long 
 Registers used:
		wreg, status,2, status,0, pclath, cstack
 Tracked objects:
		On entry : 
		On exit  : 
		Unchanged: 
 Data sizes:     COMMON   BANK0   BANK1   BANK2   BANK3   BANK4
      Params:         0       8       0       0       0       0
      Locals:         0       4       0       0       0       0
      Temps:          0      14       0       0       0       0
      Totals:         0      26       0       0       0       0
Total ram usage:       26 bytes
 Hardware stack levels used:    1
 Hardware stack levels required when called:    7
 This function calls:
		___lmul
 This function is called by:
		_main
		_reciprocal_fp
 This function uses a non-reentrant model


 *************** function ___lmul *****************
 Defined at:
		line 15 in file "D:\Program Files\Microchip\xc8\v1.38\sources\common\Umul32.c"
 Parameters:    Size  Location     Type
  multiplier      4    0[BANK0 ] unsigned long 
  multiplicand    4    4[BANK0 ] unsigned long 
 Auto vars:     Size  Location     Type
  product         4    8[BANK0 ] unsigned long 
 Return value:  Size  Location     Type
                  4    0[BANK0 ] unsigned long 
 Registers used:
		wreg, status,2, status,0
 Tracked objects:
		On entry : 
		On exit  : 
		Unchanged: 
 Data sizes:     COMMON   BANK0   BANK1   BANK2   BANK3   BANK4
      Params:         0       8       0       0       0       0
      Locals:         0       4       0       0       0       0
      Temps:          0       0       0       0       0       0
      Totals:         0      12       0       0       0       0
Total ram usage:       12 bytes
 Hardware stack levels used:    1
 Hardware stack levels required when called:    6
 This function calls:
		Nothing
 This function is called by:
		_multiply_fp
 This function uses a non-reentrant model


 *************** function _load_calibration_from_EEPROM *****************
 Defined at:
		line 24 in file "calibration.c"
 Parameters:    Size  Location     Type
		None
 Auto vars:     Size  Location     Type
  crc             2   17[BANK0 ] unsigned short 
  i               1   21[BANK0 ] unsigned char 
  p               1   20[BANK0 ] PTR unsigned char 
		 -> m_crc(2), m_conf(47), 
  addr            1   19[BANK0 ] unsigned char 
 Return value:  Size  Location     Type
                  1    wreg      unsigned char 
 Registers used:
		wreg, fsr1l, fsr1h, status,2, status,0, pclath, cstack
 Tracked objects:
		On entry : 
		On exit  : 
		Unchanged: 
 Data sizes:     COMMON   BANK0   BANK1   BANK2   BANK3   BANK4
      Params:         0       0       0       0       0       0
      Locals:         0       5       0       0       0       0
      Temps:          1       0       0       0       0       0
      Totals:         1       5       0       0       0       0
Total ram usage:        6 bytes
 Hardware stack levels used:    1
 Hardware stack levels required when called:    7
 This function calls:
		_DATAEE_ReadByte
		_crc_update
 This function is called by:
		_main
 This function uses a non-reentrant model


 *************** function _crc_update *****************
 Defined at:
		line 11 in file "CRC.c"
 Parameters:    Size  Location     Type
  old_crc         2    0[BANK0 ] unsigned short 
  data            1    2[BANK0 ] unsigned char 
 Auto vars:     Size  Location     Type
  x               2   15[BANK0 ] unsigned short 
  crc             2   13[BANK0 ] unsigned short 
 Return value:  Size  Location     Type
                  2    0[BANK0 ] unsigned short 
 Registers used:
		wreg, status,2, status,0
 Tracked objects:
		On entry : 
		On exit  : 
		Unchanged: 
 Data sizes:     COMMON   BANK0   BANK1   BANK2   BANK3   BANK4
      Params:         0       3       0       0       0       0
      Locals:         0       4       0       0       0       0
      Temps:          0      10       0       0       0       0
      Totals:         0      17       0       0       0       0
Total ram usage:       17 bytes
 Hardware stack levels used:    1
 Hardware stack levels required when called:    6
 This function calls:
		Nothing
 This function is called by:
		_load_calibration_from_EEPROM
		_write_calibration_to_EEPROM
 This function uses a non-reentrant model


 *************** function _DATAEE_ReadByte *****************
 Defined at:
		line 204 in file "mcc_generated_files/memory.c"
 Parameters:    Size  Location     Type
  bAdd            1    wreg     unsigned char 
 Auto vars:     Size  Location     Type
  bAdd            1    4[COMMON] unsigned char 
 Return value:  Size  Location     Type
                  1    wreg      unsigned char 
 Registers used:
		wreg
 Tracked objects:
		On entry : 
		On exit  : 
		Unchanged: 
 Data sizes:     COMMON   BANK0   BANK1   BANK2   BANK3   BANK4
      Params:         0       0       0       0       0       0
      Locals:         1       0       0       0       0       0
      Temps:          0       0       0       0       0       0
      Totals:         1       0       0       0       0       0
Total ram usage:        1 bytes
 Hardware stack levels used:    1
 Hardware stack levels required when called:    6
 This function calls:
		Nothing
 This function is called by:
		_load_calibration_from_EEPROM
 This function uses a non-reentrant model


 *************** function _integer_part *****************
 Defined at:
		line 87 in file "fixed_point.c"
 Parameters:    Size  Location     Type
  n               4   25[BANK0 ] long 
 Auto vars:     Size  Location     Type
  and_a_half      4   34[BANK0 ] long 
  int_part        2   39[BANK0 ] unsigned short 
  neg             1   38[BANK0 ] unsigned char 
 Return value:  Size  Location     Type
                  2   25[BANK0 ] short 
 Registers used:
		wreg, fsr0l, fsr0h, status,2, status,0, pclath, cstack
 Tracked objects:
		On entry : 
		On exit  : 
		Unchanged: 
 Data sizes:     COMMON   BANK0   BANK1   BANK2   BANK3   BANK4
      Params:         0       4       0       0       0       0
      Locals:         0       7       0       0       0       0
      Temps:          0       5       0       0       0       0
      Totals:         0      16       0       0       0       0
Total ram usage:       16 bytes
 Hardware stack levels used:    1
 Hardware stack levels required when called:    7
 This function calls:
		_convert_to_fp
 This function is called by:
		_main
 This function uses a non-reentrant model


 *************** function _delay_ms *****************
 Defined at:
		line 213 in file "main.c"
 Parameters:    Size  Location     Type
  milliseconds    2    4[COMMON] unsigned short 
 Auto vars:     Size  Location     Type
		None
 Return value:  Size  Location     Type
                  1    wreg      void 
 Registers used:
		wreg, status,2, status,0
 Tracked objects:
		On entry : 
		On exit  : 
		Unchanged: 
 Data sizes:     COMMON   BANK0   BANK1   BANK2   BANK3   BANK4
      Params:         2       0       0       0       0       0
      Locals:         0       0       0       0       0       0
      Temps:          0       2       0       0       0       0
      Totals:         2       2       0       0       0       0
Total ram usage:        4 bytes
 Hardware stack levels used:    1
 Hardware stack levels required when called:    6
 This function calls:
		Nothing
 This function is called by:
		_main
 This function uses a non-reentrant model


 *************** function _SYSTEM_Initialize *****************
 Defined at:
		line 69 in file "mcc_generated_files/mcc.c"
 Parameters:    Size  Location     Type
		None
 Auto vars:     Size  Location     Type
		None
 Return value:  Size  Location     Type
                  1    wreg      void 
 Registers used:
		wreg, status,2, status,0, pclath, cstack
 Tracked objects:
		On entry : 
		On exit  : 
		Unchanged: 
 Data sizes:     COMMON   BANK0   BANK1   BANK2   BANK3   BANK4
      Params:         0       0       0       0       0       0
      Locals:         0       0       0       0       0       0
      Temps:          0       0       0       0       0       0
      Totals:         0       0       0       0       0       0
Total ram usage:        0 bytes
 Hardware stack levels used:    1
 Hardware stack levels required when called:    8
 This function calls:
		_EPWM1_Initialize
		_EUSART_Initialize
		_OSCILLATOR_Initialize
		_PIN_MANAGER_Initialize
		_TMR0_Initialize
		_TMR2_Initialize
 This function is called by:
		_main
 This function uses a non-reentrant model


 *************** function _TMR2_Initialize *****************
 Defined at:
		line 57 in file "mcc_generated_files/tmr2.c"
 Parameters:    Size  Location     Type
		None
 Auto vars:     Size  Location     Type
		None
 Return value:  Size  Location     Type
                  1    wreg      void 
 Registers used:
		wreg, status,2, status,0, pclath, cstack
 Tracked objects:
		On entry : 
		On exit  : 
		Unchanged: 
 Data sizes:     COMMON   BANK0   BANK1   BANK2   BANK3   BANK4
      Params:         0       0       0       0       0       0
      Locals:         0       0       0       0       0       0
      Temps:          0       0       0       0       0       0
      Totals:         0       0       0       0       0       0
Total ram usage:        0 bytes
 Hardware stack levels used:    1
 Hardware stack levels required when called:    7
 This function calls:
		_TMR2_StartTimer
 This function is called by:
		_SYSTEM_Initialize
 This function uses a non-reentrant model


 *************** function _TMR2_StartTimer *****************
 Defined at:
		line 77 in file "mcc_generated_files/tmr2.c"
 Parameters:    Size  Location     Type
		None
 Auto vars:     Size  Location     Type
		None
 Return value:  Size  Location     Type
                  1    wreg      void 
 Registers used:
		None
 Tracked objects:
		On entry : 
		On exit  : 
		Unchanged: 
 Data sizes:     COMMON   BANK0   BANK1   BANK2   BANK3   BANK4
      Params:         0       0       0       0       0       0
      Locals:         0       0       0       0       0       0
      Temps:          0       0       0       0       0       0
      Totals:         0       0       0       0       0       0
Total ram usage:        0 bytes
[...]
  product         2    4[COMMON] unsigned int 
 Return value:  Size  Location     Type
                  2    0[BANK0 ] unsigned int 
 Registers used:
		wreg, status,2, status,0
 Tracked objects:
		On entry : 
		On exit  : 
		Unchanged: 
 Data sizes:     COMMON   BANK0   BANK1   BANK2   BANK3   BANK4
      Params:         0       4       0       0       0       0
      Locals:         2       0       0       0       0       0
      Temps:          0       0       0       0       0       0
      Totals:         2       4       0       0       0       0
Total ram usage:        6 bytes
 Hardware stack levels used:    1
 Hardware stack levels required when called:    6
 This function calls:
		Nothing
 This function is called by:
		_main
		_GPS_read_speed
 This function uses a non-reentrant model


 *************** function _EUSART_Read *****************
 Defined at:
		line 112 in file "mcc_generated_files/eusart.c"
 Parameters:    Size  Location     Type
		None
 Auto vars:     Size  Location     Type
  readValue       1    5[COMMON] unsigned char 
 Return value:  Size  Location     Type
                  1    wreg      unsigned char 
 Registers used:
		wreg, fsr1l, fsr1h, status,2, status,0
 Tracked objects:
		On entry : 
		On exit  : 
		Unchanged: 
 Data sizes:     COMMON   BANK0   BANK1   BANK2   BANK3   BANK4
      Params:         0       0       0       0       0       0
      Locals:         1       0       0       0       0       0
      Temps:          1       0       0       0       0       0
      Totals:         2       0       0       0       0       0
Total ram usage:        2 bytes
 Hardware stack levels used:    1
 Hardware stack levels required when called:    6
 This function calls:
		Nothing
 This function is called by:
		_GPS_read_speed
		_getch
 This function uses a non-reentrant model


 *************** function _GPS_Initialize *****************
 Defined at:
		line 13 in file "GPS.c"
 Parameters:    Size  Location     Type
		None
 Auto vars:     Size  Location     Type
  __delay_tmp     1   11[BANK0 ] unsigned char 
 Return value:  Size  Location     Type
                  1    wreg      void 
 Registers used:
		wreg, fsr0l, fsr0h, fsr1l, fsr1h, status,2, status,0, pclath, cstack
 Tracked objects:
		On entry : 
		On exit  : 
		Unchanged: 
 Data sizes:     COMMON   BANK0   BANK1   BANK2   BANK3   BANK4
      Params:         0       0       0       0       0       0
      Locals:         0       1       0       0       0       0
      Temps:          0       3       0       0       0       0
      Totals:         0       4       0       0       0       0
Total ram usage:        4 bytes
 Hardware stack levels used:    1
 Hardware stack levels required when called:    9
 This function calls:
		_printf
 This function is called by:
		_main
 This function uses a non-reentrant model


 *************** function _printf *****************
 Defined at:
		line 464 in file "D:\Program Files\Microchip\xc8\v1.38\sources\common\doprnt.c"
 Parameters:    Size  Location     Type
  f               2    1[BANK0 ] PTR const unsigned char 
		 -> STR_2(18), STR_1(52), 
 Auto vars:     Size  Location     Type
  tmpval          4    0        struct .
  cp              2    0        PTR const unsigned char 
  len             2    0        unsigned int 
  val             2    0        unsigned int 
  c               1    7[BANK0 ] char 
  ap              1    6[BANK0 ] PTR void [1]
		 -> ?_printf(2), 
  flag            1    0        unsigned char 
  prec            1    0        char 
 Return value:  Size  Location     Type
                  2    1[BANK0 ] int 
 Registers used:
		wreg, fsr0l, fsr0h, fsr1l, fsr1h, status,2, status,0, pclath, cstack
 Tracked objects:
		On entry : 
		On exit  : 
		Unchanged: 
 Data sizes:     COMMON   BANK0   BANK1   BANK2   BANK3   BANK4
      Params:         0       2       0       0       0       0
      Locals:         0       2       0       0       0       0
      Temps:          0       3       0       0       0       0
      Totals:         0       7       0       0       0       0
Total ram usage:        7 bytes
 Hardware stack levels used:    1
 Hardware stack levels required when called:    8
 This function calls:
		_putch
 This function is called by:
		_GPS_Initialize
 This function uses a non-reentrant model


 *************** function _putch *****************
 Defined at:
		line 164 in file "mcc_generated_files/eusart.c"
 Parameters:    Size  Location     Type
  txData          1    wreg     unsigned char 
 Auto vars:     Size  Location     Type
  txData          1    0[BANK0 ] unsigned char 
 Return value:  Size  Location     Type
                  1    wreg      void 
 Registers used:
		wreg, fsr1l, fsr1h, status,2, status,0, pclath, cstack
 Tracked objects:
		On entry : 
		On exit  : 
		Unchanged: 
 Data sizes:     COMMON   BANK0   BANK1   BANK2   BANK3   BANK4
      Params:         0       0       0       0       0       0
      Locals:         0       1       0       0       0       0
      Temps:          0       0       0       0       0       0
      Totals:         0       1       0       0       0       0
Total ram usage:        1 bytes
 Hardware stack levels used:    1
 Hardware stack levels required when called:    7
 This function calls:
		_EUSART_Write
 This function is called by:
		_printf
 This function uses a non-reentrant model


 *************** function _EUSART_Write *****************
 Defined at:
		line 136 in file "mcc_generated_files/eusart.c"
 Parameters:    Size  Location     Type
  txData          1    wreg     unsigned char 
 Auto vars:     Size  Location     Type
  txData          1    5[COMMON] unsigned char 
 Return value:  Size  Location     Type
                  1    wreg      void 
 Registers used:
		wreg, fsr1l, fsr1h, status,2, status,0
 Tracked objects:
		On entry : 
		On exit  : 
		Unchanged: 
 Data sizes:     COMMON   BANK0   BANK1   BANK2   BANK3   BANK4
      Params:         0       0       0       0       0       0
      Locals:         1       0       0       0       0       0
      Temps:          1       0       0       0       0       0
      Totals:         2       0       0       0       0       0
Total ram usage:        2 bytes
 Hardware stack levels used:    1
 Hardware stack levels required when called:    6
 This function calls:
		Nothing
 This function is called by:
		_putch
 This function uses a non-reentrant model


 *************** function _INTERRUPT_InterruptManager *****************
 Defined at:
		line 51 in file "mcc_generated_files/interrupt_manager.c"
 Parameters:    Size  Location     Type
		None
 Auto vars:     Size  Location     Type
		None
 Return value:  Size  Location     Type
                  1    wreg      void 
 Registers used:
		wreg, fsr1l, fsr1h, status,2, status,0, pclath, cstack
 Tracked objects:
		On entry : 
		On exit  : 
		Unchanged: 
 Data sizes:     COMMON   BANK0   BANK1   BANK2   BANK3   BANK4
      Params:         0       0       0       0       0       0
      Locals:         0       0       0       0       0       0
      Temps:          1       0       0       0       0       0
      Totals:         1       0       0       0       0       0
Total ram usage:        1 bytes
 Hardware stack levels used:    1
 Hardware stack levels required when called:    5
 This function calls:
		_EUSART_Receive_ISR
		_EUSART_Transmit_ISR
		_TMR0_ISR
 This function is called by:
		Interrupt level 1
 This function uses a non-reentrant model


 *************** function _TMR0_ISR *****************
 Defined at:
		line 108 in file "mcc_generated_files/tmr0.c"
 Parameters:    Size  Location     Type
		None
 Auto vars:     Size  Location     Type
		None
 Return value:  Size  Location     Type
                  1    wreg      void 
 Registers used:
		wreg, status,2, status,0, pclath, cstack
 Tracked objects:
		On entry : 
		On exit  : 
		Unchanged: 
 Data sizes:     COMMON   BANK0   BANK1   BANK2   BANK3   BANK4
      Params:         0       0       0       0       0       0
      Locals:         0       0       0       0       0       0
      Temps:          0       0       0       0       0       0
      Totals:         0       0       0       0       0       0
Total ram usage:        0 bytes
 Hardware stack levels used:    1
 Hardware stack levels required when called:    4
 This function calls:
		_TMR0_CallBack
 This function is called by:
		_INTERRUPT_InterruptManager
 This function uses a non-reentrant model


 *************** function _TMR0_CallBack *****************
 Defined at:
		line 130 in file "mcc_generated_files/tmr0.c"
 Parameters:    Size  Location     Type
		None
 Auto vars:     Size  Location     Type
		None
 Return value:  Size  Location     Type
                  1    wreg      void 
 Registers used:
		wreg, status,2, status,0, pclath, cstack
 Tracked objects:
		On entry : 
		On exit  : 
		Unchanged: 
 Data sizes:     COMMON   BANK0   BANK1   BANK2   BANK3   BANK4
      Params:         0       0       0       0       0       0
      Locals:         0       0       0       0       0       0
      Temps:          0       0       0       0       0       0
      Totals:         0       0       0       0       0       0
Total ram usage:        0 bytes
 Hardware stack levels used:    1
 Hardware stack levels required when called:    3
 This function calls:
		Absolute function
		_TMR0_DefaultInterruptHandler
		_my10msTimerISR
 This function is called by:
		_TMR0_ISR
 This function uses a non-reentrant model


 *************** function _TMR0_DefaultInterruptHandler *****************
 Defined at:
		line 144 in file "mcc_generated_files/tmr0.c"
 Parameters:    Size  Location     Type
		None
 Auto vars:     Size  Location     Type
		None
 Return value:  Size  Location     Type
                  1    wreg      void 
 Registers used:
		None
 Tracked objects:
		On entry : 
		On exit  : 
		Unchanged: 
 Data sizes:     COMMON   BANK0   BANK1   BANK2   BANK3   BANK4
      Params:         0       0       0       0       0       0
      Locals:         0       0       0       0       0       0
      Temps:          0       0       0       0       0       0
      Totals:         0       0       0       0       0       0
Total ram usage:        0 bytes
 Hardware stack levels used:    1
 This function calls:
		Nothing
 This function is called by:
		_TMR0_Initialize
		_TMR0_CallBack
 This function uses a non-reentrant model


 *************** function _my10msTimerISR *****************
 Defined at:
		line 207 in file "main.c"
 Parameters:    Size  Location     Type
		None
 Auto vars:     Size  Location     Type
		None
 Return value:  Size  Location     Type
                  1    wreg      void 
 Registers used:
		wreg, status,2, status,0, pclath, cstack
 Tracked objects:
		On entry : 
		On exit  : 
		Unchanged: 
 Data sizes:     COMMON   BANK0   BANK1   BANK2   BANK3   BANK4
      Params:         0       0       0       0       0       0
      Locals:         0       0       0       0       0       0
      Temps:          0       0       0       0       0       0
      Totals:         0       0       0       0       0       0
Total ram usage:        0 bytes
 Hardware stack levels used:    1
 Hardware stack levels required when called:    2
 This function calls:
		_LED_update_loop
		_button_update_loop
 This function is called by:
		_main
		_TMR0_CallBack
 This function uses a non-reentrant model


 *************** function _button_update_loop *****************
 Defined at:
		line 89 in file "interact.c"
 Parameters:    Size  Location     Type
		None
 Auto vars:     Size  Location     Type
  current_stat    1    2[COMMON] unsigned char 
 Return value:  Size  Location     Type
                  1    wreg      void 
 Registers used:
		wreg, status,2, status,0, pclath, cstack
 Tracked objects:
		On entry : 
		On exit  : 
		Unchanged: 
 Data sizes:     COMMON   BANK0   BANK1   BANK2   BANK3   BANK4
      Params:         0       0       0       0       0       0
      Locals:         1       0       0       0       0       0
      Temps:          1       0       0       0       0       0
      Totals:         2       0       0       0       0       0
Total ram usage:        2 bytes
 Hardware stack levels used:    1
 Hardware stack levels required when called:    1
 This function calls:
		i1_get_button_state
 This function is called by:
		_my10msTimerISR
 This function uses a non-reentrant model


 *************** function i1_get_button_state *****************
 Defined at:
		line 69 in file "interact.c"
 Parameters:    Size  Location     Type
		None
 Auto vars:     Size  Location     Type
  get_button_s    1    0[COMMON] unsigned char 
 Return value:  Size  Location     Type
                  1    wreg      unsigned char 
 Registers used:
		wreg, status,2, status,0
 Tracked objects:
		On entry : 
		On exit  : 
		Unchanged: 
 Data sizes:     COMMON   BANK0   BANK1   BANK2   BANK3   BANK4
      Params:         0       0       0       0       0       0
      Locals:         1       0       0       0       0       0
      Temps:          0       0       0       0       0       0
      Totals:         1       0       0       0       0       0
Total ram usage:        1 bytes
 Hardware stack levels used:    1
 This function calls:
		Nothing
 This function is called by:
		_button_update_loop
 This function uses a non-reentrant model


 *************** function _LED_update_loop *****************
 Defined at:
		line 41 in file "interact.c"
 Parameters:    Size  Location     Type
		None
 Auto vars:     Size  Location     Type
		None
 Return value:  Size  Location     Type
                  1    wreg      void 
 Registers used:
		wreg, status,2, status,0
 Tracked objects:
		On entry : 
		On exit  : 
		Unchanged: 
 Data sizes:     COMMON   BANK0   BANK1   BANK2   BANK3   BANK4
      Params:         0       0       0       0       0       0
      Locals:         0       0       0       0       0       0
      Temps:          1       0       0       0       0       0
      Totals:         1       0       0       0       0       0
Total ram usage:        1 bytes
 Hardware stack levels used:    1
 This function calls:
		Nothing
 This function is called by:
		_my10msTimerISR
 This function uses a non-reentrant model


 *************** function _EUSART_Transmit_ISR *****************
 Defined at:
		line 169 in file "mcc_generated_files/eusart.c"
 Parameters:    Size  Location     Type
		None
 Auto vars:     Size  Location     Type
		None
 Return value:  Size  Location     Type
                  1    wreg      void 
 Registers used:
		wreg, fsr1l, fsr1h, status,2, status,0
 Tracked objects:
		On entry : 
		On exit  : 
		Unchanged: 
 Data sizes:     COMMON   BANK0   BANK1   BANK2   BANK3   BANK4
      Params:         0       0       0       0       0       0
      Locals:         0       0       0       0       0       0
      Temps:          1       0       0       0       0       0
      Totals:         1       0       0       0       0       0
Total ram usage:        1 bytes
 Hardware stack levels used:    1
 This function calls:
		Nothing
 This function is called by:
		_INTERRUPT_InterruptManager
 This function uses a non-reentrant model


 *************** function _EUSART_Receive_ISR *****************
 Defined at:
		line 188 in file "mcc_generated_files/eusart.c"
 Parameters:    Size  Location     Type
		None
 Auto vars:     Size  Location     Type
		None
 Return value:  Size  Location     Type
                  1    wreg      void 
 Registers used:
		wreg, fsr1l, fsr1h, status,2, status,0
 Tracked objects:
		On entry : 
		On exit  : 
		Unchanged: 
 Data sizes:     COMMON   BANK0   BANK1   BANK2   BANK3   BANK4
      Params:         0       0       0       0       0       0
      Locals:         0       0       0       0       0       0
      Temps:          1       0       0       0       0       0
      Totals:         1       0       0       0       0       0
Total ram usage:        1 bytes
 Hardware stack levels used:    1
 This function calls:
		Nothing
 This function is called by:
		_INTERRUPT_InterruptManager
 This function uses a non-reentrant model



MODULE INFORMATION

Module		Function		Class		Link	Load	Size
D:\Program Files\Microchip\xc8\v1.38\sources\common\doprnt.c
		_printf        		CODE           	0A9C	0000	30

D:\Program Files\Microchip\xc8\v1.38\sources\common\doprnt.c estimated size: 30

D:\Program Files\Microchip\xc8\v1.38\sources\common\Umul16.c
		___wmul        		CODE           	0A47	0000	29

D:\Program Files\Microchip\xc8\v1.38\sources\common\Umul16.c estimated size: 29

mcc_generated_files/tmr2.c
		_TMR2_Initialize		CODE           	0956	0000	11
		_TMR2_StartTimer		CODE           	0933	0000	4

mcc_generated_files/tmr2.c estimated size: 15

mcc_generated_files/interrupt_manager.c
		_INTERRUPT_InterruptManager		CODE           	0004	0000	38

mcc_generated_files/interrupt_manager.c estimated size: 38

mcc_generated_files/tmr0.c
		_TMR0_SetInterruptHandler		CODE           	0942	0000	7
		_TMR0_DefaultInterruptHandler		CODE           	0003	0000	2
		_TMR0_CallBack 		CODE           	0960	0000	12
		_TMR0_ISR      		CODE           	09E4	0000	23
		_TMR0_Initialize		CODE           	09CF	0000	22

mcc_generated_files/tmr0.c estimated size: 66

mcc_generated_files/pin_manager.c
		_PIN_MANAGER_Initialize		CODE           	09FA	0000	24

mcc_generated_files/pin_manager.c estimated size: 24

D:\Program Files\Microchip\xc8\v1.38\sources\common\Umul32.c
		___lmul        		CODE           	0B5D	0000	49

D:\Program Files\Microchip\xc8\v1.38\sources\common\Umul32.c estimated size: 49

interact.c
		_multiple_fast_blink		CODE           	0B8D	0000	65
		_LED_update_loop		CODE           	0B37	0000	39
		_get_button_state		CODE           	0983	0000	13
		_button_update_loop		CODE           	0C61	0000	95
		_button_init   		CODE           	098F	0000	14
		_LED_set_state 		CODE           	0AD6	0000	30

interact.c estimated size: 256

calibration.c
		_load_calibration_from_EEPROM		CODE           	0D92	0000	112
		_perform_calibration		CODE           	0E01	0000	512
		_write_calibration_to_EEPROM		CODE           	0CBF	0000	105

calibration.c estimated size: 729

shared
		_ratio_mph     		STRCODE        	07CD	0000	5
		_fp_x0_b       		STRCODE        	07C9	0000	5
		convert_to_fp@one		STRCODE        	07D1	0000	3
		i1_get_button_state		CODE           	096B	0000	13
		__initialization		CODE           	002B	0000	20
		_fp_x0_a       		STRCODE        	07C5	0000	5

shared estimated size: 51

mcc_generated_files/mcc.c
		_OSCILLATOR_Initialize		CODE           	094E	0000	9
		_SYSTEM_Initialize		CODE           	09AA	0000	19

mcc_generated_files/mcc.c estimated size: 28

GPS.c
		_GPS_Initialize		CODE           	0BCD	0000	70
		_GPS_read_speed		CODE           	03CE	0000	598

GPS.c estimated size: 668

CRC.c
		_crc_update    		CODE           	0C12	0000	80

CRC.c estimated size: 80

mcc_generated_files/epwm1.c
		_EPWM1_LoadDutyValue		CODE           	0A63	0000	29
		_EPWM1_Initialize		CODE           	099C	0000	15

mcc_generated_files/epwm1.c estimated size: 44

mcc_generated_files/memory.c
		_DATAEE_WriteByte		CODE           	0AF3	0000	34
		_DATAEE_ReadByte		CODE           	0977	0000	13

mcc_generated_files/memory.c estimated size: 47

mcc_generated_files/eusart.c
		_putch         		CODE           	093C	0000	7
		_EUSART_Read   		CODE           	0AB9	0000	30
		_EUSART_Write  		CODE           	0B14	0000	36
		_EUSART_Transmit_ISR		CODE           	0A7F	0000	30
		_EUSART_Initialize		CODE           	0A2C	0000	28
		_EUSART_Receive_ISR		CODE           	0A11	0000	28

mcc_generated_files/eusart.c estimated size: 159

fixed_point.c
		_integer_part  		CODE           	0D27	0000	108
		_multiply_fp   		CODE           	0623	0000	250
		_convert_to_fp 		CODE           	071C	0000	170

fixed_point.c estimated size: 528

main.c
		_main          		CODE           	0042	0000	909
		_my10msTimerISR		CODE           	0936	0000	7
		_delay_ms      		CODE           	09BC	0000	20

main.c estimated size: 936

